Archive member included to satisfy reference by file (symbol)

c:/st/stm32cubeide_1.6.1/stm32cubeide/plugins/com.st.stm32cube.ide.mcu.externaltools.gnu-tools-for-stm32.10.3-2021.10.win32_1.0.0.202111181127/tools/bin/../lib/gcc/arm-none-eabi/10.3.1/../../../../arm-none-eabi/lib/thumb/v7e-m+fp/hard\libc_nano.a(lib_a-errno.o)
                              ./Core/Src/syscalls.o (__errno)
c:/st/stm32cubeide_1.6.1/stm32cubeide/plugins/com.st.stm32cube.ide.mcu.externaltools.gnu-tools-for-stm32.10.3-2021.10.win32_1.0.0.202111181127/tools/bin/../lib/gcc/arm-none-eabi/10.3.1/../../../../arm-none-eabi/lib/thumb/v7e-m+fp/hard\libc_nano.a(lib_a-exit.o)
                              c:/st/stm32cubeide_1.6.1/stm32cubeide/plugins/com.st.stm32cube.ide.mcu.externaltools.gnu-tools-for-stm32.10.3-2021.10.win32_1.0.0.202111181127/tools/bin/../lib/gcc/arm-none-eabi/10.3.1/../../../../arm-none-eabi/lib/thumb/v7e-m+fp/hard/crt0.o (exit)
c:/st/stm32cubeide_1.6.1/stm32cubeide/plugins/com.st.stm32cube.ide.mcu.externaltools.gnu-tools-for-stm32.10.3-2021.10.win32_1.0.0.202111181127/tools/bin/../lib/gcc/arm-none-eabi/10.3.1/../../../../arm-none-eabi/lib/thumb/v7e-m+fp/hard\libc_nano.a(lib_a-findfp.o)
                              ./Middlewares/Third_Party/FreeRTOS/tasks.o (__sf_fake_stderr)
c:/st/stm32cubeide_1.6.1/stm32cubeide/plugins/com.st.stm32cube.ide.mcu.externaltools.gnu-tools-for-stm32.10.3-2021.10.win32_1.0.0.202111181127/tools/bin/../lib/gcc/arm-none-eabi/10.3.1/../../../../arm-none-eabi/lib/thumb/v7e-m+fp/hard\libc_nano.a(lib_a-fwalk.o)
                              c:/st/stm32cubeide_1.6.1/stm32cubeide/plugins/com.st.stm32cube.ide.mcu.externaltools.gnu-tools-for-stm32.10.3-2021.10.win32_1.0.0.202111181127/tools/bin/../lib/gcc/arm-none-eabi/10.3.1/../../../../arm-none-eabi/lib/thumb/v7e-m+fp/hard\libc_nano.a(lib_a-findfp.o) (_fwalk)
c:/st/stm32cubeide_1.6.1/stm32cubeide/plugins/com.st.stm32cube.ide.mcu.externaltools.gnu-tools-for-stm32.10.3-2021.10.win32_1.0.0.202111181127/tools/bin/../lib/gcc/arm-none-eabi/10.3.1/../../../../arm-none-eabi/lib/thumb/v7e-m+fp/hard\libc_nano.a(lib_a-impure.o)
                              c:/st/stm32cubeide_1.6.1/stm32cubeide/plugins/com.st.stm32cube.ide.mcu.externaltools.gnu-tools-for-stm32.10.3-2021.10.win32_1.0.0.202111181127/tools/bin/../lib/gcc/arm-none-eabi/10.3.1/../../../../arm-none-eabi/lib/thumb/v7e-m+fp/hard\libc_nano.a(lib_a-exit.o) (_global_impure_ptr)
c:/st/stm32cubeide_1.6.1/stm32cubeide/plugins/com.st.stm32cube.ide.mcu.externaltools.gnu-tools-for-stm32.10.3-2021.10.win32_1.0.0.202111181127/tools/bin/../lib/gcc/arm-none-eabi/10.3.1/../../../../arm-none-eabi/lib/thumb/v7e-m+fp/hard\libc_nano.a(lib_a-init.o)
                              c:/st/stm32cubeide_1.6.1/stm32cubeide/plugins/com.st.stm32cube.ide.mcu.externaltools.gnu-tools-for-stm32.10.3-2021.10.win32_1.0.0.202111181127/tools/bin/../lib/gcc/arm-none-eabi/10.3.1/../../../../arm-none-eabi/lib/thumb/v7e-m+fp/hard/crt0.o (__libc_init_array)
c:/st/stm32cubeide_1.6.1/stm32cubeide/plugins/com.st.stm32cube.ide.mcu.externaltools.gnu-tools-for-stm32.10.3-2021.10.win32_1.0.0.202111181127/tools/bin/../lib/gcc/arm-none-eabi/10.3.1/../../../../arm-none-eabi/lib/thumb/v7e-m+fp/hard\libc_nano.a(lib_a-lock.o)
                              c:/st/stm32cubeide_1.6.1/stm32cubeide/plugins/com.st.stm32cube.ide.mcu.externaltools.gnu-tools-for-stm32.10.3-2021.10.win32_1.0.0.202111181127/tools/bin/../lib/gcc/arm-none-eabi/10.3.1/../../../../arm-none-eabi/lib/thumb/v7e-m+fp/hard\libc_nano.a(lib_a-findfp.o) (__retarget_lock_init_recursive)
c:/st/stm32cubeide_1.6.1/stm32cubeide/plugins/com.st.stm32cube.ide.mcu.externaltools.gnu-tools-for-stm32.10.3-2021.10.win32_1.0.0.202111181127/tools/bin/../lib/gcc/arm-none-eabi/10.3.1/../../../../arm-none-eabi/lib/thumb/v7e-m+fp/hard\libc_nano.a(lib_a-memcpy-stub.o)
                              ./Middlewares/Third_Party/FreeRTOS/cmsis_os2.o (memcpy)
c:/st/stm32cubeide_1.6.1/stm32cubeide/plugins/com.st.stm32cube.ide.mcu.externaltools.gnu-tools-for-stm32.10.3-2021.10.win32_1.0.0.202111181127/tools/bin/../lib/gcc/arm-none-eabi/10.3.1/../../../../arm-none-eabi/lib/thumb/v7e-m+fp/hard\libc_nano.a(lib_a-memset.o)
                              c:/st/stm32cubeide_1.6.1/stm32cubeide/plugins/com.st.stm32cube.ide.mcu.externaltools.gnu-tools-for-stm32.10.3-2021.10.win32_1.0.0.202111181127/tools/bin/../lib/gcc/arm-none-eabi/10.3.1/../../../../arm-none-eabi/lib/thumb/v7e-m+fp/hard/crt0.o (memset)
c:/st/stm32cubeide_1.6.1/stm32cubeide/plugins/com.st.stm32cube.ide.mcu.externaltools.gnu-tools-for-stm32.10.3-2021.10.win32_1.0.0.202111181127/tools/bin/../lib/gcc/arm-none-eabi/10.3.1/../../../../arm-none-eabi/lib/thumb/v7e-m+fp/hard\libc_nano.a(lib_a-nano-mallocr.o)
[...]
Memory Configuration

Name             Origin             Length             Attributes
FLASH            0x0000000008100000 0x0000000000100000 xr
RAM              0x0000000010000000 0x0000000000048000 xrw
*default*        0x0000000000000000 0xffffffffffffffff

Linker script and memory map

LOAD c:/st/stm32cubeide_1.6.1/stm32cubeide/plugins/com.st.stm32cube.ide.mcu.externaltools.gnu-tools-for-stm32.10.3-2021.10.win32_1.0.0.202111181127/tools/bin/../lib/gcc/arm-none-eabi/10.3.1/thumb/v7e-m+fp/hard/crti.o
LOAD c:/st/stm32cubeide_1.6.1/stm32cubeide/plugins/com.st.stm32cube.ide.mcu.externaltools.gnu-tools-for-stm32.10.3-2021.10.win32_1.0.0.202111181127/tools/bin/../lib/gcc/arm-none-eabi/10.3.1/thumb/v7e-m+fp/hard/crtbegin.o
LOAD c:/st/stm32cubeide_1.6.1/stm32cubeide/plugins/com.st.stm32cube.ide.mcu.externaltools.gnu-tools-for-stm32.10.3-2021.10.win32_1.0.0.202111181127/tools/bin/../lib/gcc/arm-none-eabi/10.3.1/../../../../arm-none-eabi/lib/thumb/v7e-m+fp/hard/crt0.o
LOAD ./Common/Src/system_stm32h7xx_dualcore_boot_cm4_cm7.o
LOAD ./Core/Src/freertos.o
LOAD ./Core/Src/main.o
LOAD ./Core/Src/stm32h7xx_hal_msp.o
LOAD ./Core/Src/stm32h7xx_hal_timebase_tim.o
LOAD ./Core/Src/stm32h7xx_it.o
LOAD ./Core/Src/syscalls.o
LOAD ./Core/Src/sysmem.o
LOAD ./Core/Startup/startup_stm32h745zitx.o
LOAD ./Drivers/STM32H7xx_HAL_Driver/stm32h7xx_hal.o
LOAD ./Drivers/STM32H7xx_HAL_Driver/stm32h7xx_hal_cortex.o
LOAD ./Drivers/STM32H7xx_HAL_Driver/stm32h7xx_hal_dma.o
LOAD ./Drivers/STM32H7xx_HAL_Driver/stm32h7xx_hal_dma_ex.o
LOAD ./Drivers/STM32H7xx_HAL_Driver/stm32h7xx_hal_exti.o
LOAD ./Drivers/STM32H7xx_HAL_Driver/stm32h7xx_hal_flash.o
LOAD ./Drivers/STM32H7xx_HAL_Driver/stm32h7xx_hal_flash_ex.o
LOAD ./Drivers/STM32H7xx_HAL_Driver/stm32h7xx_hal_gpio.o
LOAD ./Drivers/STM32H7xx_HAL_Driver/stm32h7xx_hal_hsem.o
LOAD ./Drivers/STM32H7xx_HAL_Driver/stm32h7xx_hal_i2c.o
LOAD ./Drivers/STM32H7xx_HAL_Driver/stm32h7xx_hal_i2c_ex.o
LOAD ./Drivers/STM32H7xx_HAL_Driver/stm32h7xx_hal_mdma.o
LOAD ./Drivers/STM32H7xx_HAL_Driver/stm32h7xx_hal_pwr.o
LOAD ./Drivers/STM32H7xx_HAL_Driver/stm32h7xx_hal_pwr_ex.o
LOAD ./Drivers/STM32H7xx_HAL_Driver/stm32h7xx_hal_rcc.o
LOAD ./Drivers/STM32H7xx_HAL_Driver/stm32h7xx_hal_rcc_ex.o
LOAD ./Drivers/STM32H7xx_HAL_Driver/stm32h7xx_hal_tim.o
LOAD ./Drivers/STM32H7xx_HAL_Driver/stm32h7xx_hal_tim_ex.o
LOAD ./Middlewares/Third_Party/FreeRTOS/cmsis_os2.o
LOAD ./Middlewares/Third_Party/FreeRTOS/croutine.o
LOAD ./Middlewares/Third_Party/FreeRTOS/event_groups.o
LOAD ./Middlewares/Third_Party/FreeRTOS/heap_4.o
LOAD ./Middlewares/Third_Party/FreeRTOS/list.o
LOAD ./Middlewares/Third_Party/FreeRTOS/port.o
LOAD ./Middlewares/Third_Party/FreeRTOS/queue.o
LOAD ./Middlewares/Third_Party/FreeRTOS/stream_buffer.o
LOAD ./Middlewares/Third_Party/FreeRTOS/tasks.o
LOAD ./Middlewares/Third_Party/FreeRTOS/timers.o
START GROUP
LOAD c:/st/stm32cubeide_1.6.1/stm32cubeide/plugins/com.st.stm32cube.ide.mcu.externaltools.gnu-tools-for-stm32.10.3-2021.10.win32_1.0.0.202111181127/tools/bin/../lib/gcc/arm-none-eabi/10.3.1/../../../../arm-none-eabi/lib/thumb/v7e-m+fp/hard\libc_nano.a
LOAD c:/st/stm32cubeide_1.6.1/stm32cubeide/plugins/com.st.stm32cube.ide.mcu.externaltools.gnu-tools-for-stm32.10.3-2021.10.win32_1.0.0.202111181127/tools/bin/../lib/gcc/arm-none-eabi/10.3.1/../../../../arm-none-eabi/lib/thumb/v7e-m+fp/hard\libm.a
END GROUP
START GROUP
LOAD c:/st/stm32cubeide_1.6.1/stm32cubeide/plugins/com.st.stm32cube.ide.mcu.externaltools.gnu-tools-for-stm32.10.3-2021.10.win32_1.0.0.202111181127/tools/bin/../lib/gcc/arm-none-eabi/10.3.1/thumb/v7e-m+fp/hard\libgcc.a
LOAD c:/st/stm32cubeide_1.6.1/stm32cubeide/plugins/com.st.stm32cube.ide.mcu.externaltools.gnu-tools-for-stm32.10.3-2021.10.win32_1.0.0.202111181127/tools/bin/../lib/gcc/arm-none-eabi/10.3.1/../../../../arm-none-eabi/lib/thumb/v7e-m+fp/hard\libc_nano.a
END GROUP
START GROUP
LOAD c:/st/stm32cubeide_1.6.1/stm32cubeide/plugins/com.st.stm32cube.ide.mcu.externaltools.gnu-tools-for-stm32.10.3-2021.10.win32_1.0.0.202111181127/tools/bin/../lib/gcc/arm-none-eabi/10.3.1/thumb/v7e-m+fp/hard\libgcc.a
LOAD c:/st/stm32cubeide_1.6.1/stm32cubeide/plugins/com.st.stm32cube.ide.mcu.externaltools.gnu-tools-for-stm32.10.3-2021.10.win32_1.0.0.202111181127/tools/bin/../lib/gcc/arm-none-eabi/10.3.1/../../../../arm-none-eabi/lib/thumb/v7e-m+fp/hard\libc_nano.a
LOAD c:/st/stm32cubeide_1.6.1/stm32cubeide/plugins/com.st.stm32cube.ide.mcu.externaltools.gnu-tools-for-stm32.10.3-2021.10.win32_1.0.0.202111181127/tools/bin/../lib/gcc/arm-none-eabi/10.3.1/../../../../arm-none-eabi/lib/thumb/v7e-m+fp/hard\libnosys.a
END GROUP
START GROUP
LOAD c:/st/stm32cubeide_1.6.1/stm32cubeide/plugins/com.st.stm32cube.ide.mcu.externaltools.gnu-tools-for-stm32.10.3-2021.10.win32_1.0.0.202111181127/tools/bin/../lib/gcc/arm-none-eabi/10.3.1/thumb/v7e-m+fp/hard\libgcc.a
LOAD c:/st/stm32cubeide_1.6.1/stm32cubeide/plugins/com.st.stm32cube.ide.mcu.externaltools.gnu-tools-for-stm32.10.3-2021.10.win32_1.0.0.202111181127/tools/bin/../lib/gcc/arm-none-eabi/10.3.1/../../../../arm-none-eabi/lib/thumb/v7e-m+fp/hard\libc_nano.a
LOAD c:/st/stm32cubeide_1.6.1/stm32cubeide/plugins/com.st.stm32cube.ide.mcu.externaltools.gnu-tools-for-stm32.10.3-2021.10.win32_1.0.0.202111181127/tools/bin/../lib/gcc/arm-none-eabi/10.3.1/../../../../arm-none-eabi/lib/thumb/v7e-m+fp/hard\libnosys.a
END GROUP
LOAD c:/st/stm32cubeide_1.6.1/stm32cubeide/plugins/com.st.stm32cube.ide.mcu.externaltools.gnu-tools-for-stm32.10.3-2021.10.win32_1.0.0.202111181127/tools/bin/../lib/gcc/arm-none-eabi/10.3.1/thumb/v7e-m+fp/hard/crtend.o
LOAD c:/st/stm32cubeide_1.6.1/stm32cubeide/plugins/com.st.stm32cube.ide.mcu.externaltools.gnu-tools-for-stm32.10.3-2021.10.win32_1.0.0.202111181127/tools/bin/../lib/gcc/arm-none-eabi/10.3.1/thumb/v7e-m+fp/hard/crtn.o
                0x0000000010048000                _estack = (ORIGIN (RAM) + LENGTH (RAM))
                0x0000000000000200                _Min_Heap_Size = 0x200
                0x0000000000000400                _Min_Stack_Size = 0x400

.isr_vector     0x0000000008100000      0x298
                0x0000000008100000                . = ALIGN (0x4)
 *(.isr_vector)
 .isr_vector    0x0000000008100000      0x298 ./Core/Startup/startup_stm32h745zitx.o
                0x0000000008100000                g_pfnVectors
                0x0000000008100298                . = ALIGN (0x4)

.text           0x00000000081002a0     0x56a0
                0x00000000081002a0                . = ALIGN (0x4)
 *(.text)
 .text          0x00000000081002a0       0x40 c:/st/stm32cubeide_1.6.1/stm32cubeide/plugins/com.st.stm32cube.ide.mcu.externaltools.gnu-tools-for-stm32.10.3-2021.10.win32_1.0.0.202111181127/tools/bin/../lib/gcc/arm-none-eabi/10.3.1/thumb/v7e-m+fp/hard/crtbegin.o
 *(.text*)
 .text.SystemInit
                0x00000000081002e0       0x30 ./Common/Src/system_stm32h7xx_dualcore_boot_cm4_cm7.o
                0x00000000081002e0                SystemInit
 .text.main     0x0000000008100310       0x60 ./Core/Src/main.o
                0x0000000008100310                main
 .text.MX_I2C1_Init
                0x0000000008100370       0x80 ./Core/Src/main.o
 .text.MX_GPIO_Init
                0x00000000081003f0      0x100 ./Core/Src/main.o
 .text.vMain    0x00000000081004f0       0x30 ./Core/Src/main.o
                0x00000000081004f0                vMain
 .text.vCommunication
                0x0000000008100520       0x10 ./Core/Src/main.o
                0x0000000008100520                vCommunication
 .text.HAL_TIM_PeriodElapsedCallback
                0x0000000008100530       0x24 ./Core/Src/main.o
                0x0000000008100530                HAL_TIM_PeriodElapsedCallback
 .text.Error_Handler
                0x0000000008100554        0xa ./Core/Src/main.o
                0x0000000008100554                Error_Handler
 *fill*         0x000000000810055e        0x2 
 .text.HAL_MspInit
                0x0000000008100560       0x3c ./Core/Src/stm32h7xx_hal_msp.o
                0x0000000008100560                HAL_MspInit
 .text.HAL_I2C_MspInit
                0x000000000810059c       0xc8 ./Core/Src/stm32h7xx_hal_msp.o
                0x000000000810059c                HAL_I2C_MspInit
 .text.HAL_InitTick
                0x0000000008100664       0xd8 ./Core/Src/stm32h7xx_hal_timebase_tim.o
                0x0000000008100664                HAL_InitTick
 .text.NMI_Handler
                0x000000000810073c        0x6 ./Core/Src/stm32h7xx_it.o
                0x000000000810073c                NMI_Handler
 .text.HardFault_Handler
                0x0000000008100742        0x6 ./Core/Src/stm32h7xx_it.o
                0x0000000008100742                HardFault_Handler
 .text.MemManage_Handler
                0x0000000008100748        0x6 ./Core/Src/stm32h7xx_it.o
                0x0000000008100748                MemManage_Handler
 .text.BusFault_Handler
                0x000000000810074e        0x6 ./Core/Src/stm32h7xx_it.o
                0x000000000810074e                BusFault_Handler
 .text.UsageFault_Handler
                0x0000000008100754        0x6 ./Core/Src/stm32h7xx_it.o
                0x0000000008100754                UsageFault_Handler
 .text.DebugMon_Handler
                0x000000000810075a        0xe ./Core/Src/stm32h7xx_it.o
                0x000000000810075a                DebugMon_Handler
 .text.TIM6_DAC_IRQHandler
                0x0000000008100768       0x14 ./Core/Src/stm32h7xx_it.o
                0x0000000008100768                TIM6_DAC_IRQHandler
 .text.Reset_Handler
                0x000000000810077c       0x50 ./Core/Startup/startup_stm32h745zitx.o
                0x000000000810077c                Reset_Handler
 .text.Default_Handler
                0x00000000081007cc        0x2 ./Core/Startup/startup_stm32h745zitx.o
                0x00000000081007cc                RTC_Alarm_IRQHandler
                0x00000000081007cc                EXTI2_IRQHandler
                0x00000000081007cc                TIM8_CC_IRQHandler
                0x00000000081007cc                HRTIM1_Master_IRQHandler
                0x00000000081007cc                UART8_IRQHandler
                0x00000000081007cc                SPI4_IRQHandler
                0x00000000081007cc                TIM1_CC_IRQHandler
                0x00000000081007cc                BDMA_Channel6_IRQHandler
                0x00000000081007cc                DMA2_Stream5_IRQHandler
                0x00000000081007cc                HRTIM1_FLT_IRQHandler
                0x00000000081007cc                JPEG_IRQHandler
                0x00000000081007cc                DMA1_Stream5_IRQHandler
                0x00000000081007cc                BDMA_Channel1_IRQHandler
                0x00000000081007cc                HRTIM1_TIMD_IRQHandler
                0x00000000081007cc                TAMP_STAMP_IRQHandler
                0x00000000081007cc                EXTI3_IRQHandler
                0x00000000081007cc                LPTIM4_IRQHandler
                0x00000000081007cc                TIM8_TRG_COM_TIM14_IRQHandler
                0x00000000081007cc                LPTIM2_IRQHandler
                0x00000000081007cc                DFSDM1_FLT1_IRQHandler
                0x00000000081007cc                DMAMUX2_OVR_IRQHandler
                0x00000000081007cc                TIM8_UP_TIM13_IRQHandler
                0x00000000081007cc                I2C3_ER_IRQHandler
                0x00000000081007cc                DFSDM1_FLT2_IRQHandler
                0x00000000081007cc                MDMA_IRQHandler
                0x00000000081007cc                LPTIM3_IRQHandler
                0x00000000081007cc                HSEM1_IRQHandler
                0x00000000081007cc                EXTI0_IRQHandler
                0x00000000081007cc                I2C2_EV_IRQHandler
                0x00000000081007cc                DMA1_Stream2_IRQHandler
                0x00000000081007cc                FPU_IRQHandler
                0x00000000081007cc                OTG_HS_WKUP_IRQHandler
                0x00000000081007cc                FDCAN1_IT1_IRQHandler
                0x00000000081007cc                LTDC_ER_IRQHandler
                0x00000000081007cc                DMA2_Stream2_IRQHandler
                0x00000000081007cc                HRTIM1_TIME_IRQHandler
                0x00000000081007cc                SPI1_IRQHandler
                0x00000000081007cc                DCMI_IRQHandler
                0x00000000081007cc                HRTIM1_TIMC_IRQHandler
                0x00000000081007cc                DMA2_Stream3_IRQHandler
                0x00000000081007cc                SAI2_IRQHandler
                0x00000000081007cc                DFSDM1_FLT3_IRQHandler
                0x00000000081007cc                USART6_IRQHandler
                0x00000000081007cc                TIM17_IRQHandler
                0x00000000081007cc                USART3_IRQHandler
                0x00000000081007cc                BDMA_Channel7_IRQHandler
                0x00000000081007cc                LPTIM5_IRQHandler
                0x00000000081007cc                UART5_IRQHandler
                0x00000000081007cc                ADC3_IRQHandler
                0x00000000081007cc                DMA2_Stream0_IRQHandler
                0x00000000081007cc                TIM4_IRQHandler
                0x00000000081007cc                BDMA_Channel2_IRQHandler
                0x00000000081007cc                QUADSPI_IRQHandler
                0x00000000081007cc                I2C1_EV_IRQHandler
                0x00000000081007cc                DMA1_Stream6_IRQHandler
                0x00000000081007cc                DMAMUX1_OVR_IRQHandler
                0x00000000081007cc                DMA1_Stream1_IRQHandler
                0x00000000081007cc                TIM16_IRQHandler
                0x00000000081007cc                UART4_IRQHandler
                0x00000000081007cc                BDMA_Channel5_IRQHandler
                0x00000000081007cc                TIM3_IRQHandler
                0x00000000081007cc                RCC_IRQHandler
                0x00000000081007cc                TIM8_BRK_TIM12_IRQHandler
                0x00000000081007cc                TIM1_TRG_COM_IRQHandler
                0x00000000081007cc                Default_Handler
                0x00000000081007cc                ECC_IRQHandler
                0x00000000081007cc                CEC_IRQHandler
                0x00000000081007cc                EXTI15_10_IRQHandler
                0x00000000081007cc                BDMA_Channel0_IRQHandler
                0x00000000081007cc                ADC_IRQHandler
                0x00000000081007cc                DMA1_Stream7_IRQHandler
                0x00000000081007cc                HRTIM1_TIMA_IRQHandler
                0x00000000081007cc                SPI5_IRQHandler
                0x00000000081007cc                TIM7_IRQHandler
                0x00000000081007cc                SDMMC1_IRQHandler
                0x00000000081007cc                TIM5_IRQHandler
                0x00000000081007cc                DMA2_Stream7_IRQHandler
                0x00000000081007cc                TIM15_IRQHandler
                0x00000000081007cc                PVD_AVD_IRQHandler
                0x00000000081007cc                I2C3_EV_IRQHandler
                0x00000000081007cc                EXTI9_5_IRQHandler
                0x00000000081007cc                RTC_WKUP_IRQHandler
                0x00000000081007cc                LTDC_IRQHandler
                0x00000000081007cc                SAI3_IRQHandler
                0x00000000081007cc                ETH_WKUP_IRQHandler
                0x00000000081007cc                SPDIF_RX_IRQHandler
                0x00000000081007cc                SPI2_IRQHandler
                0x00000000081007cc                OTG_HS_EP1_IN_IRQHandler
                0x00000000081007cc                DMA1_Stream0_IRQHandler
                0x00000000081007cc                CRS_IRQHandler
                0x00000000081007cc                CM7_SEV_IRQHandler
                0x00000000081007cc                EXTI4_IRQHandler
                0x00000000081007cc                RNG_IRQHandler
                0x00000000081007cc                CM4_SEV_IRQHandler
                0x00000000081007cc                HRTIM1_TIMB_IRQHandler
                0x00000000081007cc                FDCAN2_IT1_IRQHandler
                0x00000000081007cc                ETH_IRQHandler
                0x00000000081007cc                TIM1_UP_IRQHandler
                0x00000000081007cc                WWDG_RST_IRQHandler
                0x00000000081007cc                BDMA_Channel4_IRQHandler
                0x00000000081007cc                OTG_HS_EP1_OUT_IRQHandler
                0x00000000081007cc                WWDG_IRQHandler
                0x00000000081007cc                SPI6_IRQHandler
                0x00000000081007cc                MDIOS_IRQHandler
                0x00000000081007cc                I2C4_EV_IRQHandler
                0x00000000081007cc                FDCAN2_IT0_IRQHandler
                0x00000000081007cc                LPUART1_IRQHandler
                0x00000000081007cc                FDCAN1_IT0_IRQHandler
                0x00000000081007cc                TIM2_IRQHandler
                0x00000000081007cc                OTG_FS_WKUP_IRQHandler
                0x00000000081007cc                OTG_HS_IRQHandler
                0x00000000081007cc                HSEM2_IRQHandler
                0x00000000081007cc                DMA2D_IRQHandler
                0x00000000081007cc                TIM1_BRK_IRQHandler
                0x00000000081007cc                EXTI1_IRQHandler
                0x00000000081007cc                SDMMC2_IRQHandler
                0x00000000081007cc                OTG_FS_EP1_OUT_IRQHandler
                0x00000000081007cc                BDMA_Channel3_IRQHandler
                0x00000000081007cc                HOLD_CORE_IRQHandler
                0x00000000081007cc                UART7_IRQHandler
                0x00000000081007cc                MDIOS_WKUP_IRQHandler
                0x00000000081007cc                USART2_IRQHandler
                0x00000000081007cc                DFSDM1_FLT0_IRQHandler
                0x00000000081007cc                SAI4_IRQHandler
                0x00000000081007cc                I2C2_ER_IRQHandler
                0x00000000081007cc                DMA2_Stream1_IRQHandler
                0x00000000081007cc                FLASH_IRQHandler
                0x00000000081007cc                DMA2_Stream4_IRQHandler
                0x00000000081007cc                USART1_IRQHandler
                0x00000000081007cc                OTG_FS_IRQHandler
                0x00000000081007cc                SPI3_IRQHandler
                0x00000000081007cc                WAKEUP_PIN_IRQHandler
                0x00000000081007cc                DMA1_Stream4_IRQHandler
                0x00000000081007cc                OTG_FS_EP1_IN_IRQHandler
                0x00000000081007cc                I2C1_ER_IRQHandler
                0x00000000081007cc                FMC_IRQHandler
                0x00000000081007cc                FDCAN_CAL_IRQHandler
                0x00000000081007cc                SWPMI1_IRQHandler
                0x00000000081007cc                COMP1_IRQHandler
                0x00000000081007cc                LPTIM1_IRQHandler
                0x00000000081007cc                I2C4_ER_IRQHandler
                0x00000000081007cc                DMA2_Stream6_IRQHandler
                0x00000000081007cc                SAI1_IRQHandler
                0x00000000081007cc                DMA1_Stream3_IRQHandler
 *fill*         0x00000000081007ce        0x2 
 .text.HAL_Init
                0x00000000081007d0       0xbc ./Drivers/STM32H7xx_HAL_Driver/stm32h7xx_hal.o
                0x00000000081007d0                HAL_Init
 .text.HAL_IncTick
                0x000000000810088c       0x28 ./Drivers/STM32H7xx_HAL_Driver/stm32h7xx_hal.o
                0x000000000810088c                HAL_IncTick
 .text.HAL_GetTick
                0x00000000081008b4       0x18 ./Drivers/STM32H7xx_HAL_Driver/stm32h7xx_hal.o
                0x00000000081008b4                HAL_GetTick
 .text.__NVIC_SetPriorityGrouping
                0x00000000081008cc       0x48 ./Drivers/STM32H7xx_HAL_Driver/stm32h7xx_hal_cortex.o
 .text.__NVIC_GetPriorityGrouping
                0x0000000008100914       0x1c ./Drivers/STM32H7xx_HAL_Driver/stm32h7xx_hal_cortex.o
 .text.__NVIC_EnableIRQ
                0x0000000008100930       0x3c ./Drivers/STM32H7xx_HAL_Driver/stm32h7xx_hal_cortex.o
 .text.__NVIC_SetPriority
                0x000000000810096c       0x54 ./Drivers/STM32H7xx_HAL_Driver/stm32h7xx_hal_cortex.o
 .text.NVIC_EncodePriority
                0x00000000081009c0       0x66 ./Drivers/STM32H7xx_HAL_Driver/stm32h7xx_hal_cortex.o
 .text.HAL_NVIC_SetPriorityGrouping
                0x0000000008100a26       0x16 ./Drivers/STM32H7xx_HAL_Driver/stm32h7xx_hal_cortex.o
                0x0000000008100a26                HAL_NVIC_SetPriorityGrouping
 .text.HAL_NVIC_SetPriority
                0x0000000008100a3c       0x34 ./Drivers/STM32H7xx_HAL_Driver/stm32h7xx_hal_cortex.o
                0x0000000008100a3c                HAL_NVIC_SetPriority
 .text.HAL_NVIC_EnableIRQ
                0x0000000008100a70       0x1c ./Drivers/STM32H7xx_HAL_Driver/stm32h7xx_hal_cortex.o
                0x0000000008100a70                HAL_NVIC_EnableIRQ
 .text.HAL_GPIO_Init
                0x0000000008100a8c      0x360 ./Drivers/STM32H7xx_HAL_Driver/stm32h7xx_hal_gpio.o
                0x0000000008100a8c                HAL_GPIO_Init
 .text.HAL_GPIO_WritePin
                0x0000000008100dec       0x32 ./Drivers/STM32H7xx_HAL_Driver/stm32h7xx_hal_gpio.o
                0x0000000008100dec                HAL_GPIO_WritePin
 .text.HAL_GPIO_TogglePin
                0x0000000008100e1e       0x34 ./Drivers/STM32H7xx_HAL_Driver/stm32h7xx_hal_gpio.o
                0x0000000008100e1e                HAL_GPIO_TogglePin
 .text.HAL_I2C_Init
                0x0000000008100e52      0x11e ./Drivers/STM32H7xx_HAL_Driver/stm32h7xx_hal_i2c.o
                0x0000000008100e52                HAL_I2C_Init
 .text.HAL_I2CEx_ConfigAnalogFilter
                0x0000000008100f70       0x96 ./Drivers/STM32H7xx_HAL_Driver/stm32h7xx_hal_i2c_ex.o
                0x0000000008100f70                HAL_I2CEx_ConfigAnalogFilter
 .text.HAL_I2CEx_ConfigDigitalFilter
                0x0000000008101006       0x98 ./Drivers/STM32H7xx_HAL_Driver/stm32h7xx_hal_i2c_ex.o
                0x0000000008101006                HAL_I2CEx_ConfigDigitalFilter
 *fill*         0x000000000810109e        0x2 
 .text.HAL_RCC_GetSysClockFreq
                0x00000000081010a0      0x2f4 ./Drivers/STM32H7xx_HAL_Driver/stm32h7xx_hal_rcc.o
                0x00000000081010a0                HAL_RCC_GetSysClockFreq
 .text.HAL_RCC_GetHCLKFreq
                0x0000000008101394       0x64 ./Drivers/STM32H7xx_HAL_Driver/stm32h7xx_hal_rcc.o
                0x0000000008101394                HAL_RCC_GetHCLKFreq
 .text.HAL_RCC_GetPCLK1Freq
                0x00000000081013f8       0x2c ./Drivers/STM32H7xx_HAL_Driver/stm32h7xx_hal_rcc.o
                0x00000000081013f8                HAL_RCC_GetPCLK1Freq
 .text.HAL_RCC_GetClockConfig
                0x0000000008101424       0x84 ./Drivers/STM32H7xx_HAL_Driver/stm32h7xx_hal_rcc.o
                0x0000000008101424                HAL_RCC_GetClockConfig
 .text.HAL_RCCEx_PeriphCLKConfig
                0x00000000081014a8      0xe8c ./Drivers/STM32H7xx_HAL_Driver/stm32h7xx_hal_rcc_ex.o
                0x00000000081014a8                HAL_RCCEx_PeriphCLKConfig
 .text.RCCEx_PLL2_Config
                0x0000000008102334      0x164 ./Drivers/STM32H7xx_HAL_Driver/stm32h7xx_hal_rcc_ex.o
 .text.RCCEx_PLL3_Config
                0x0000000008102498      0x164 ./Drivers/STM32H7xx_HAL_Driver/stm32h7xx_hal_rcc_ex.o
 .text.HAL_TIM_Base_Init
                0x00000000081025fc       0xae ./Drivers/STM32H7xx_HAL_Driver/stm32h7xx_hal_tim.o
                0x00000000081025fc                HAL_TIM_Base_Init
 .text.HAL_TIM_Base_MspInit
                0x00000000081026aa       0x14 ./Drivers/STM32H7xx_HAL_Driver/stm32h7xx_hal_tim.o
                0x00000000081026aa                HAL_TIM_Base_MspInit
 *fill*         0x00000000081026be        0x2 
 .text.HAL_TIM_Base_Start_IT
                0x00000000081026c0       0xf0 ./Drivers/STM32H7xx_HAL_Driver/stm32h7xx_hal_tim.o
                0x00000000081026c0                HAL_TIM_Base_Start_IT
 .text.HAL_TIM_IRQHandler
                0x00000000081027b0      0x23e ./Drivers/STM32H7xx_HAL_Driver/stm32h7xx_hal_tim.o
                0x00000000081027b0                HAL_TIM_IRQHandler
 .text.HAL_TIM_OC_DelayElapsedCallback
                0x00000000081029ee       0x14 ./Drivers/STM32H7xx_HAL_Driver/stm32h7xx_hal_tim.o
                0x00000000081029ee                HAL_TIM_OC_DelayElapsedCallback
 .text.HAL_TIM_IC_CaptureCallback
                0x0000000008102a02       0x14 ./Drivers/STM32H7xx_HAL_Driver/stm32h7xx_hal_tim.o
                0x0000000008102a02                HAL_TIM_IC_CaptureCallback
 .text.HAL_TIM_PWM_PulseFinishedCallback
                0x0000000008102a16       0x14 ./Drivers/STM32H7xx_HAL_Driver/stm32h7xx_hal_tim.o
                0x0000000008102a16                HAL_TIM_PWM_PulseFinishedCallback
 .text.HAL_TIM_TriggerCallback
                0x0000000008102a2a       0x14 ./Drivers/STM32H7xx_HAL_Driver/stm32h7xx_hal_tim.o
                0x0000000008102a2a                HAL_TIM_TriggerCallback
 *fill*         0x0000000008102a3e        0x2 
 .text.TIM_Base_SetConfig
                0x0000000008102a40      0x134 ./Drivers/STM32H7xx_HAL_Driver/stm32h7xx_hal_tim.o
                0x0000000008102a40                TIM_Base_SetConfig
 .text.HAL_TIMEx_CommutCallback
                0x0000000008102b74       0x14 ./Drivers/STM32H7xx_HAL_Driver/stm32h7xx_hal_tim_ex.o
                0x0000000008102b74                HAL_TIMEx_CommutCallback
 .text.HAL_TIMEx_BreakCallback
                0x0000000008102b88       0x14 ./Drivers/STM32H7xx_HAL_Driver/stm32h7xx_hal_tim_ex.o
                0x0000000008102b88                HAL_TIMEx_BreakCallback
 .text.HAL_TIMEx_Break2Callback
                0x0000000008102b9c       0x14 ./Drivers/STM32H7xx_HAL_Driver/stm32h7xx_hal_tim_ex.o
                0x0000000008102b9c                HAL_TIMEx_Break2Callback
 .text.__NVIC_SetPriority
                0x0000000008102bb0       0x54 ./Middlewares/Third_Party/FreeRTOS/cmsis_os2.o
 .text.SysTick_Handler
                0x0000000008102c04       0x20 ./Middlewares/Third_Party/FreeRTOS/cmsis_os2.o
                0x0000000008102c04                SysTick_Handler
 .text.SVC_Setup
                0x0000000008102c24       0x12 ./Middlewares/Third_Party/FreeRTOS/cmsis_os2.o
 *fill*         0x0000000008102c36        0x2 
 .text.osKernelInitialize
                0x0000000008102c38       0x48 ./Middlewares/Third_Party/FreeRTOS/cmsis_os2.o
                0x0000000008102c38                osKernelInitialize
 .text.osKernelStart
                0x0000000008102c80       0x4c ./Middlewares/Third_Party/FreeRTOS/cmsis_os2.o
                0x0000000008102c80                osKernelStart
 .text.osThreadNew
                0x0000000008102ccc      0x124 ./Middlewares/Third_Party/FreeRTOS/cmsis_os2.o
                0x0000000008102ccc                osThreadNew
 .text.osDelay  0x0000000008102df0       0x36 ./Middlewares/Third_Party/FreeRTOS/cmsis_os2.o
                0x0000000008102df0                osDelay
 *fill*         0x0000000008102e26        0x2 
 .text.vApplicationGetIdleTaskMemory
                0x0000000008102e28       0x34 ./Middlewares/Third_Party/FreeRTOS/cmsis_os2.o
                0x0000000008102e28                vApplicationGetIdleTaskMemory
 .text.vApplicationGetTimerTaskMemory
                0x0000000008102e5c       0x34 ./Middlewares/Third_Party/FreeRTOS/cmsis_os2.o
                0x0000000008102e5c                vApplicationGetTimerTaskMemory
 .text.pvPortMalloc
                0x0000000008102e90      0x198 ./Middlewares/Third_Party/FreeRTOS/heap_4.o
                0x0000000008102e90                pvPortMalloc
 .text.vPortFree
                0x0000000008103028       0xc4 ./Middlewares/Third_Party/FreeRTOS/heap_4.o
                0x0000000008103028                vPortFree
 .text.prvHeapInit
                0x00000000081030ec       0xc4 ./Middlewares/Third_Party/FreeRTOS/heap_4.o
 .text.prvInsertBlockIntoFreeList
                0x00000000081031b0       0xb4 ./Middlewares/Third_Party/FreeRTOS/heap_4.o
 .text.vListInitialise
                0x0000000008103264       0x40 ./Middlewares/Third_Party/FreeRTOS/list.o
                0x0000000008103264                vListInitialise
 .text.vListInitialiseItem
                0x00000000081032a4       0x1a ./Middlewares/Third_Party/FreeRTOS/list.o
                0x00000000081032a4                vListInitialiseItem
 .text.vListInsertEnd
                0x00000000081032be       0x48 ./Middlewares/Third_Party/FreeRTOS/list.o
                0x00000000081032be                vListInsertEnd
 .text.vListInsert
                0x0000000008103306       0x72 ./Middlewares/Third_Party/FreeRTOS/list.o
                0x0000000008103306                vListInsert
 .text.uxListRemove
                0x0000000008103378       0x54 ./Middlewares/Third_Party/FreeRTOS/list.o
                0x0000000008103378                uxListRemove
 .text.pxPortInitialiseStack
                0x00000000081033cc       0x68 ./Middlewares/Third_Party/FreeRTOS/port.o
                0x00000000081033cc                pxPortInitialiseStack
 .text.prvTaskExitError
                0x0000000008103434       0x58 ./Middlewares/Third_Party/FreeRTOS/port.o
 *fill*         0x000000000810348c        0x4 
 .text.SVC_Handler
                0x0000000008103490       0x28 ./Middlewares/Third_Party/FreeRTOS/port.o
                0x0000000008103490                SVC_Handler
 .text.prvPortStartFirstTask
                0x00000000081034b8       0x28 ./Middlewares/Third_Party/FreeRTOS/port.o
 .text.xPortStartScheduler
                0x00000000081034e0      0x144 ./Middlewares/Third_Party/FreeRTOS/port.o
                0x00000000081034e0                xPortStartScheduler
 .text.vPortEnterCritical
                0x0000000008103624       0x60 ./Middlewares/Third_Party/FreeRTOS/port.o
                0x0000000008103624                vPortEnterCritical
 .text.vPortExitCritical
                0x0000000008103684       0x54 ./Middlewares/Third_Party/FreeRTOS/port.o
                0x0000000008103684                vPortExitCritical
 *fill*         0x00000000081036d8        0x8 
 .text.PendSV_Handler
                0x00000000081036e0       0x68 ./Middlewares/Third_Party/FreeRTOS/port.o
                0x00000000081036e0                PendSV_Handler
 .text.xPortSysTickHandler
                0x0000000008103748       0x44 ./Middlewares/Third_Party/FreeRTOS/port.o
                0x0000000008103748                xPortSysTickHandler
 .text.vPortSetupTimerInterrupt
                0x000000000810378c       0x48 ./Middlewares/Third_Party/FreeRTOS/port.o
                0x000000000810378c                vPortSetupTimerInterrupt
 .text.vPortEnableVFP
                0x00000000081037d4       0x14 ./Middlewares/Third_Party/FreeRTOS/port.o
 .text.vPortValidateInterruptPriority
                0x00000000081037e8       0x80 ./Middlewares/Third_Party/FreeRTOS/port.o
                0x00000000081037e8                vPortValidateInterruptPriority
 .text.xQueueGenericReset
                0x0000000008103868       0xd0 ./Middlewares/Third_Party/FreeRTOS/queue.o
                0x0000000008103868                xQueueGenericReset
 .text.xQueueGenericCreateStatic
                0x0000000008103938       0xf0 ./Middlewares/Third_Party/FreeRTOS/queue.o
                0x0000000008103938                xQueueGenericCreateStatic
 .text.prvInitialiseNewQueue
                0x0000000008103a28       0x46 ./Middlewares/Third_Party/FreeRTOS/queue.o
 *fill*         0x0000000008103a6e        0x2 
 .text.xQueueGenericSend
                0x0000000008103a70      0x1fc ./Middlewares/Third_Party/FreeRTOS/queue.o
                0x0000000008103a70                xQueueGenericSend
 .text.xQueueGenericSendFromISR
                0x0000000008103c6c      0x136 ./Middlewares/Third_Party/FreeRTOS/queue.o
                0x0000000008103c6c                xQueueGenericSendFromISR
 *fill*         0x0000000008103da2        0x2 
 .text.xQueueReceive
                0x0000000008103da4      0x1c0 ./Middlewares/Third_Party/FreeRTOS/queue.o
                0x0000000008103da4                xQueueReceive
 .text.prvCopyDataToQueue
                0x0000000008103f64       0xd4 ./Middlewares/Third_Party/FreeRTOS/queue.o
 .text.prvCopyDataFromQueue
                0x0000000008104038       0x4c ./Middlewares/Third_Party/FreeRTOS/queue.o
 .text.prvUnlockQueue
                0x0000000008104084       0xa4 ./Middlewares/Third_Party/FreeRTOS/queue.o
 .text.prvIsQueueEmpty
                0x0000000008104128       0x2c ./Middlewares/Third_Party/FreeRTOS/queue.o
 .text.prvIsQueueFull
                0x0000000008104154       0x30 ./Middlewares/Third_Party/FreeRTOS/queue.o
 .text.vQueueAddToRegistry
                0x0000000008104184       0x54 ./Middlewares/Third_Party/FreeRTOS/queue.o
                0x0000000008104184                vQueueAddToRegistry
 .text.vQueueWaitForMessageRestricted
                0x00000000081041d8       0x68 ./Middlewares/Third_Party/FreeRTOS/queue.o
                0x00000000081041d8                vQueueWaitForMessageRestricted
 .text.xTaskCreateStatic
                0x0000000008104240       0xba ./Middlewares/Third_Party/FreeRTOS/tasks.o
                0x0000000008104240                xTaskCreateStatic
 .text.xTaskCreate
                0x00000000081042fa       0x8a ./Middlewares/Third_Party/FreeRTOS/tasks.o
                0x00000000081042fa                xTaskCreate
 .text.prvInitialiseNewTask
                0x0000000008104384      0x14c ./Middlewares/Third_Party/FreeRTOS/tasks.o
 .text.prvAddNewTaskToReadyList
                0x00000000081044d0       0xe0 ./Middlewares/Third_Party/FreeRTOS/tasks.o
 .text.vTaskDelay
                0x00000000081045b0       0x68 ./Middlewares/Third_Party/FreeRTOS/tasks.o
                0x00000000081045b0                vTaskDelay
 .text.vTaskStartScheduler
                0x0000000008104618       0xe0 ./Middlewares/Third_Party/FreeRTOS/tasks.o
                0x0000000008104618                vTaskStartScheduler
 .text.vTaskSuspendAll
                0x00000000081046f8       0x1c ./Middlewares/Third_Party/FreeRTOS/tasks.o
                0x00000000081046f8                vTaskSuspendAll
 .text.xTaskResumeAll
                0x0000000008104714      0x13c ./Middlewares/Third_Party/FreeRTOS/tasks.o
                0x0000000008104714                xTaskResumeAll
 .text.xTaskGetTickCount
                0x0000000008104850       0x20 ./Middlewares/Third_Party/FreeRTOS/tasks.o
                0x0000000008104850                xTaskGetTickCount
 .text.xTaskIncrementTick
                0x0000000008104870      0x174 ./Middlewares/Third_Party/FreeRTOS/tasks.o
                0x0000000008104870                xTaskIncrementTick
 .text.vTaskSwitchContext
                0x00000000081049e4       0xc8 ./Middlewares/Third_Party/FreeRTOS/tasks.o
                0x00000000081049e4                vTaskSwitchContext
 .text.vTaskPlaceOnEventList
                0x0000000008104aac       0x48 ./Middlewares/Third_Party/FreeRTOS/tasks.o
                0x0000000008104aac                vTaskPlaceOnEventList
 .text.vTaskPlaceOnEventListRestricted
                0x0000000008104af4       0x58 ./Middlewares/Third_Party/FreeRTOS/tasks.o
                0x0000000008104af4                vTaskPlaceOnEventListRestricted
 .text.xTaskRemoveFromEventList
                0x0000000008104b4c       0xc8 ./Middlewares/Third_Party/FreeRTOS/tasks.o
                0x0000000008104b4c                xTaskRemoveFromEventList
 .text.vTaskInternalSetTimeOutState
                0x0000000008104c14       0x2c ./Middlewares/Third_Party/FreeRTOS/tasks.o
                0x0000000008104c14                vTaskInternalSetTimeOutState
 .text.xTaskCheckForTimeOut
                0x0000000008104c40       0xc4 ./Middlewares/Third_Party/FreeRTOS/tasks.o
                0x0000000008104c40                xTaskCheckForTimeOut
 .text.vTaskMissedYield
                0x0000000008104d04       0x18 ./Middlewares/Third_Party/FreeRTOS/tasks.o
                0x0000000008104d04                vTaskMissedYield
 .text.prvIdleTask
                0x0000000008104d1c       0x30 ./Middlewares/Third_Party/FreeRTOS/tasks.o
 .text.prvInitialiseTaskLists
                0x0000000008104d4c       0x80 ./Middlewares/Third_Party/FreeRTOS/tasks.o
 .text.prvCheckTasksWaitingTermination
                0x0000000008104dcc       0x5c ./Middlewares/Third_Party/FreeRTOS/tasks.o
 .text.prvDeleteTCB
                0x0000000008104e28       0x68 ./Middlewares/Third_Party/FreeRTOS/tasks.o
 .text.prvResetNextTaskUnblockTime
                0x0000000008104e90       0x40 ./Middlewares/Third_Party/FreeRTOS/tasks.o
 .text.xTaskGetSchedulerState
                0x0000000008104ed0       0x3c ./Middlewares/Third_Party/FreeRTOS/tasks.o
                0x0000000008104ed0                xTaskGetSchedulerState
 .text.xTaskPriorityDisinherit
                0x0000000008104f0c       0xdc ./Middlewares/Third_Party/FreeRTOS/tasks.o
                0x0000000008104f0c                xTaskPriorityDisinherit
 .text.prvAddCurrentTaskToDelayedList
                0x0000000008104fe8       0xa8 ./Middlewares/Third_Party/FreeRTOS/tasks.o
 .text.xTimerCreateTimerTask
                0x0000000008105090       0x90 ./Middlewares/Third_Party/FreeRTOS/timers.o
                0x0000000008105090                xTimerCreateTimerTask
 .text.xTimerGenericCommand
                0x0000000008105120       0x9c ./Middlewares/Third_Party/FreeRTOS/timers.o
                0x0000000008105120                xTimerGenericCommand
 .text.prvProcessExpiredTimer
                0x00000000081051bc       0x98 ./Middlewares/Third_Party/FreeRTOS/timers.o
 .text.prvTimerTask
                0x0000000008105254       0x24 ./Middlewares/Third_Party/FreeRTOS/timers.o
 .text.prvProcessTimerOrBlockTask
                0x0000000008105278       0x9c ./Middlewares/Third_Party/FreeRTOS/timers.o
 .text.prvGetNextExpireTime
                0x0000000008105314       0x48 ./Middlewares/Third_Party/FreeRTOS/timers.o
 .text.prvSampleTimeNow
                0x000000000810535c       0x40 ./Middlewares/Third_Party/FreeRTOS/timers.o
 .text.prvInsertTimerInActiveList
                0x000000000810539c       0x84 ./Middlewares/Third_Party/FreeRTOS/timers.o
 .text.prvProcessReceivedCommands
                0x0000000008105420      0x1c4 ./Middlewares/Third_Party/FreeRTOS/timers.o
 .text.prvSwitchTimerLists
                0x00000000081055e4       0xc8 ./Middlewares/Third_Party/FreeRTOS/timers.o
 .text.prvCheckForValidListAndQueue
                0x00000000081056ac       0x80 ./Middlewares/Third_Party/FreeRTOS/timers.o
 .text.__libc_init_array
                0x000000000810572c       0x48 c:/st/stm32cubeide_1.6.1/stm32cubeide/plugins/com.st.stm32cube.ide.mcu.externaltools.gnu-tools-for-stm32.10.3-2021.10.win32_1.0.0.202111181127/tools/bin/../lib/gcc/arm-none-eabi/10.3.1/../../../../arm-none-eabi/lib/thumb/v7e-m+fp/hard\libc_nano.a(lib_a-init.o)
                0x000000000810572c                __libc_init_array
 .text.__retarget_lock_acquire_recursive
                0x0000000008105774        0x2 c:/st/stm32cubeide_1.6.1/stm32cubeide/plugins/com.st.stm32cube.ide.mcu.externaltools.gnu-tools-for-stm32.10.3-2021.10.win32_1.0.0.202111181127/tools/bin/../lib/gcc/arm-none-eabi/10.3.1/../../../../arm-none-eabi/lib/thumb/v7e-m+fp/hard\libc_nano.a(lib_a-lock.o)
                0x0000000008105774                __retarget_lock_acquire_recursive
 .text.__retarget_lock_release_recursive
                0x0000000008105776        0x2 c:/st/stm32cubeide_1.6.1/stm32cubeide/plugins/com.st.stm32cube.ide.mcu.externaltools.gnu-tools-for-stm32.10.3-2021.10.win32_1.0.0.202111181127/tools/bin/../lib/gcc/arm-none-eabi/10.3.1/../../../../arm-none-eabi/lib/thumb/v7e-m+fp/hard\libc_nano.a(lib_a-lock.o)
                0x0000000008105776                __retarget_lock_release_recursive
 .text.memcpy   0x0000000008105778       0x1c c:/st/stm32cubeide_1.6.1/stm32cubeide/plugins/com.st.stm32cube.ide.mcu.externaltools.gnu-tools-for-stm32.10.3-2021.10.win32_1.0.0.202111181127/tools/bin/../lib/gcc/arm-none-eabi/10.3.1/../../../../arm-none-eabi/lib/thumb/v7e-m+fp/hard\libc_nano.a(lib_a-memcpy-stub.o)
                0x0000000008105778                memcpy
 .text.memset   0x0000000008105794       0x10 c:/st/stm32cubeide_1.6.1/stm32cubeide/plugins/com.st.stm32cube.ide.mcu.externaltools.gnu-tools-for-stm32.10.3-2021.10.win32_1.0.0.202111181127/tools/bin/../lib/gcc/arm-none-eabi/10.3.1/../../../../arm-none-eabi/lib/thumb/v7e-m+fp/hard\libc_nano.a(lib_a-memset.o)
                0x0000000008105794                memset
 .text.cleanup_glue
                0x00000000081057a4       0x1a c:/st/stm32cubeide_1.6.1/stm32cubeide/plugins/com.st.stm32cube.ide.mcu.externaltools.gnu-tools-for-stm32.10.3-2021.10.win32_1.0.0.202111181127/tools/bin/../lib/gcc/arm-none-eabi/10.3.1/../../../../arm-none-eabi/lib/thumb/v7e-m+fp/hard\libc_nano.a(lib_a-reent.o)
                0x00000000081057a4                cleanup_glue
 *fill*         0x00000000081057be        0x2 
 .text._reclaim_reent
                0x00000000081057c0       0xb8 c:/st/stm32cubeide_1.6.1/stm32cubeide/plugins/com.st.stm32cube.ide.mcu.externaltools.gnu-tools-for-stm32.10.3-2021.10.win32_1.0.0.202111181127/tools/bin/../lib/gcc/arm-none-eabi/10.3.1/../../../../arm-none-eabi/lib/thumb/v7e-m+fp/hard\libc_nano.a(lib_a-reent.o)
                0x00000000081057c0                _reclaim_reent
 .text.__malloc_lock
                0x0000000008105878        0xc c:/st/stm32cubeide_1.6.1/stm32cubeide/plugins/com.st.stm32cube.ide.mcu.externaltools.gnu-tools-for-stm32.10.3-2021.10.win32_1.0.0.202111181127/tools/bin/../lib/gcc/arm-none-eabi/10.3.1/../../../../arm-none-eabi/lib/thumb/v7e-m+fp/hard\libc_nano.a(lib_a-mlock.o)
                0x0000000008105878                __malloc_lock
 .text.__malloc_unlock
                0x0000000008105884        0xc c:/st/stm32cubeide_1.6.1/stm32cubeide/plugins/com.st.stm32cube.ide.mcu.externaltools.gnu-tools-for-stm32.10.3-2021.10.win32_1.0.0.202111181127/tools/bin/../lib/gcc/arm-none-eabi/10.3.1/../../../../arm-none-eabi/lib/thumb/v7e-m+fp/hard\libc_nano.a(lib_a-mlock.o)
                0x0000000008105884                __malloc_unlock
 .text._free_r  0x0000000008105890       0x98 c:/st/stm32cubeide_1.6.1/stm32cubeide/plugins/com.st.stm32cube.ide.mcu.externaltools.gnu-tools-for-stm32.10.3-2021.10.win32_1.0.0.202111181127/tools/bin/../lib/gcc/arm-none-eabi/10.3.1/../../../../arm-none-eabi/lib/thumb/v7e-m+fp/hard\libc_nano.a(lib_a-nano-freer.o)
                0x0000000008105890                _free_r
 *(.glue_7)
 .glue_7        0x0000000008105928        0x0 linker stubs
 *(.glue_7t)
 .glue_7t       0x0000000008105928        0x0 linker stubs
 *(.eh_frame)
 .eh_frame      0x0000000008105928        0x0 c:/st/stm32cubeide_1.6.1/stm32cubeide/plugins/com.st.stm32cube.ide.mcu.externaltools.gnu-tools-for-stm32.10.3-2021.10.win32_1.0.0.202111181127/tools/bin/../lib/gcc/arm-none-eabi/10.3.1/thumb/v7e-m+fp/hard/crtbegin.o
 *(.init)
 .init          0x0000000008105928        0x4 c:/st/stm32cubeide_1.6.1/stm32cubeide/plugins/com.st.stm32cube.ide.mcu.externaltools.gnu-tools-for-stm32.10.3-2021.10.win32_1.0.0.202111181127/tools/bin/../lib/gcc/arm-none-eabi/10.3.1/thumb/v7e-m+fp/hard/crti.o
                0x0000000008105928                _init
 .init          0x000000000810592c        0x8 c:/st/stm32cubeide_1.6.1/stm32cubeide/plugins/com.st.stm32cube.ide.mcu.externaltools.gnu-tools-for-stm32.10.3-2021.10.win32_1.0.0.202111181127/tools/bin/../lib/gcc/arm-none-eabi/10.3.1/thumb/v7e-m+fp/hard/crtn.o
 *(.fini)
 .fini          0x0000000008105934        0x4 c:/st/stm32cubeide_1.6.1/stm32cubeide/plugins/com.st.stm32cube.ide.mcu.externaltools.gnu-tools-for-stm32.10.3-2021.10.win32_1.0.0.202111181127/tools/bin/../lib/gcc/arm-none-eabi/10.3.1/thumb/v7e-m+fp/hard/crti.o
                0x0000000008105934                _fini
 .fini          0x0000000008105938        0x8 c:/st/stm32cubeide_1.6.1/stm32cubeide/plugins/com.st.stm32cube.ide.mcu.externaltools.gnu-tools-for-stm32.10.3-2021.10.win32_1.0.0.202111181127/tools/bin/../lib/gcc/arm-none-eabi/10.3.1/thumb/v7e-m+fp/hard/crtn.o
                0x0000000008105940                . = ALIGN (0x4)
                0x0000000008105940                _etext = .

.vfp11_veneer   0x0000000008105940        0x0
 .vfp11_veneer  0x0000000008105940        0x0 linker stubs

.v4_bx          0x0000000008105940        0x0
 .v4_bx         0x0000000008105940        0x0 linker stubs

.iplt           0x0000000008105940        0x0
 .iplt          0x0000000008105940        0x0 c:/st/stm32cubeide_1.6.1/stm32cubeide/plugins/com.st.stm32cube.ide.mcu.externaltools.gnu-tools-for-stm32.10.3-2021.10.win32_1.0.0.202111181127/tools/bin/../lib/gcc/arm-none-eabi/10.3.1/thumb/v7e-m+fp/hard/crtbegin.o

.rodata         0x0000000008105940       0xec
                0x0000000008105940                . = ALIGN (0x4)
 *(.rodata)
 .rodata        0x0000000008105940       0x1a ./Core/Src/main.o
 *fill*         0x000000000810595a        0x2 
 .rodata        0x000000000810595c        0x5 ./Middlewares/Third_Party/FreeRTOS/tasks.o
 *fill*         0x0000000008105961        0x3 
 .rodata        0x0000000008105964        0xd ./Middlewares/Third_Party/FreeRTOS/timers.o
 *(.rodata*)
 *fill*         0x0000000008105971        0x3 
 .rodata.D1CorePrescTable
                0x0000000008105974       0x10 ./Common/Src/system_stm32h7xx_dualcore_boot_cm4_cm7.o
                0x0000000008105974                D1CorePrescTable
 .rodata.MainTask_attributes
                0x0000000008105984       0x24 ./Core/Src/main.o
                0x0000000008105984                MainTask_attributes
 .rodata.Communication_attributes
                0x00000000081059a8       0x24 ./Core/Src/main.o
                0x00000000081059a8                Communication_attributes
 .rodata.__sf_fake_stderr
                0x00000000081059cc       0x20 c:/st/stm32cubeide_1.6.1/stm32cubeide/plugins/com.st.stm32cube.ide.mcu.externaltools.gnu-tools-for-stm32.10.3-2021.10.win32_1.0.0.202111181127/tools/bin/../lib/gcc/arm-none-eabi/10.3.1/../../../../arm-none-eabi/lib/thumb/v7e-m+fp/hard\libc_nano.a(lib_a-findfp.o)
                0x00000000081059cc                __sf_fake_stderr
 .rodata.__sf_fake_stdin
                0x00000000081059ec       0x20 c:/st/stm32cubeide_1.6.1/stm32cubeide/plugins/com.st.stm32cube.ide.mcu.externaltools.gnu-tools-for-stm32.10.3-2021.10.win32_1.0.0.202111181127/tools/bin/../lib/gcc/arm-none-eabi/10.3.1/../../../../arm-none-eabi/lib/thumb/v7e-m+fp/hard\libc_nano.a(lib_a-findfp.o)
                0x00000000081059ec                __sf_fake_stdin
 .rodata.__sf_fake_stdout
                0x0000000008105a0c       0x20 c:/st/stm32cubeide_1.6.1/stm32cubeide/plugins/com.st.stm32cube.ide.mcu.externaltools.gnu-tools-for-stm32.10.3-2021.10.win32_1.0.0.202111181127/tools/bin/../lib/gcc/arm-none-eabi/10.3.1/../../../../arm-none-eabi/lib/thumb/v7e-m+fp/hard\libc_nano.a(lib_a-findfp.o)
                0x0000000008105a0c                __sf_fake_stdout
                0x0000000008105a2c                . = ALIGN (0x4)

.rel.dyn        0x0000000008105a2c        0x0
 .rel.iplt      0x0000000008105a2c        0x0 c:/st/stm32cubeide_1.6.1/stm32cubeide/plugins/com.st.stm32cube.ide.mcu.externaltools.gnu-tools-for-stm32.10.3-2021.10.win32_1.0.0.202111181127/tools/bin/../lib/gcc/arm-none-eabi/10.3.1/thumb/v7e-m+fp/hard/crtbegin.o

.ARM.extab
 *(.ARM.extab* .gnu.linkonce.armextab.*)

.ARM            0x0000000008105a2c        0x0
                0x0000000008105a2c                __exidx_start = .
 *(.ARM.exidx*)
                0x0000000008105a2c                __exidx_end = .

.preinit_array  0x0000000008105a2c        0x0
                0x0000000008105a2c                PROVIDE (__preinit_array_start = .)
 *(.preinit_array*)
                0x0000000008105a2c                PROVIDE (__preinit_array_end = .)

.init_array     0x0000000008105a2c        0x4
                0x0000000008105a2c                PROVIDE (__init_array_start = .)
 *(SORT_BY_NAME(.init_array.*))
 *(.init_array*)
 .init_array    0x0000000008105a2c        0x4 c:/st/stm32cubeide_1.6.1/stm32cubeide/plugins/com.st.stm32cube.ide.mcu.externaltools.gnu-tools-for-stm32.10.3-2021.10.win32_1.0.0.202111181127/tools/bin/../lib/gcc/arm-none-eabi/10.3.1/thumb/v7e-m+fp/hard/crtbegin.o
                0x0000000008105a30                PROVIDE (__init_array_end = .)

.fini_array     0x0000000008105a30        0x4
                [!provide]                        PROVIDE (__fini_array_start = .)
 *(SORT_BY_NAME(.fini_array.*))
 *(.fini_array*)
 .fini_array    0x0000000008105a30        0x4 c:/st/stm32cubeide_1.6.1/stm32cubeide/plugins/com.st.stm32cube.ide.mcu.externaltools.gnu-tools-for-stm32.10.3-2021.10.win32_1.0.0.202111181127/tools/bin/../lib/gcc/arm-none-eabi/10.3.1/thumb/v7e-m+fp/hard/crtbegin.o
                [!provide]                        PROVIDE (__fini_array_end = .)
                0x0000000008105a34                _sidata = LOADADDR (.data)

.data           0x0000000010000000       0x78 load address 0x0000000008105a34
                0x0000000010000000                . = ALIGN (0x4)
                0x0000000010000000                _sdata = .
 *(.data)
 *(.data*)
 .data.SystemCoreClock
                0x0000000010000000        0x4 ./Common/Src/system_stm32h7xx_dualcore_boot_cm4_cm7.o
                0x0000000010000000                SystemCoreClock
 .data.SystemD2Clock
                0x0000000010000004        0x4 ./Common/Src/system_stm32h7xx_dualcore_boot_cm4_cm7.o
                0x0000000010000004                SystemD2Clock
 .data.uwTickPrio
                0x0000000010000008        0x4 ./Drivers/STM32H7xx_HAL_Driver/stm32h7xx_hal.o
                0x0000000010000008                uwTickPrio
 .data.uwTickFreq
                0x000000001000000c        0x1 ./Drivers/STM32H7xx_HAL_Driver/stm32h7xx_hal.o
                0x000000001000000c                uwTickFreq
 *fill*         0x000000001000000d        0x3 
 .data.uxCriticalNesting
                0x0000000010000010        0x4 ./Middlewares/Third_Party/FreeRTOS/port.o
 .data._impure_ptr
                0x0000000010000014        0x4 c:/st/stm32cubeide_1.6.1/stm32cubeide/plugins/com.st.stm32cube.ide.mcu.externaltools.gnu-tools-for-stm32.10.3-2021.10.win32_1.0.0.202111181127/tools/bin/../lib/gcc/arm-none-eabi/10.3.1/../../../../arm-none-eabi/lib/thumb/v7e-m+fp/hard\libc_nano.a(lib_a-impure.o)
                0x0000000010000014                _impure_ptr
 .data.impure_data
                0x0000000010000018       0x60 c:/st/stm32cubeide_1.6.1/stm32cubeide/plugins/com.st.stm32cube.ide.mcu.externaltools.gnu-tools-for-stm32.10.3-2021.10.win32_1.0.0.202111181127/tools/bin/../lib/gcc/arm-none-eabi/10.3.1/../../../../arm-none-eabi/lib/thumb/v7e-m+fp/hard\libc_nano.a(lib_a-impure.o)
 *(.RamFunc)
 *(.RamFunc*)
                0x0000000010000078                . = ALIGN (0x4)
                0x0000000010000078                _edata = .

.igot.plt       0x0000000010000078        0x0 load address 0x0000000008105aac
 .igot.plt      0x0000000010000078        0x0 c:/st/stm32cubeide_1.6.1/stm32cubeide/plugins/com.st.stm32cube.ide.mcu.externaltools.gnu-tools-for-stm32.10.3-2021.10.win32_1.0.0.202111181127/tools/bin/../lib/gcc/arm-none-eabi/10.3.1/thumb/v7e-m+fp/hard/crtbegin.o
                0x0000000010000078                . = ALIGN (0x4)

.bss            0x0000000010000078     0x4ad8 load address 0x0000000008105aac
                0x0000000010000078                _sbss = .
                0x0000000010000078                __bss_start__ = _sbss
 *(.bss)
 .bss           0x0000000010000078       0x1c c:/st/stm32cubeide_1.6.1/stm32cubeide/plugins/com.st.stm32cube.ide.mcu.externaltools.gnu-tools-for-stm32.10.3-2021.10.win32_1.0.0.202111181127/tools/bin/../lib/gcc/arm-none-eabi/10.3.1/thumb/v7e-m+fp/hard/crtbegin.o
 *(.bss*)
 .bss.hi2c1     0x0000000010000094       0x4c ./Core/Src/main.o
                0x0000000010000094                hi2c1
 .bss.MainTaskHandle
                0x00000000100000e0        0x4 ./Core/Src/main.o
                0x00000000100000e0                MainTaskHandle
 .bss.CommunicationHandle
                0x00000000100000e4        0x4 ./Core/Src/main.o
                0x00000000100000e4                CommunicationHandle
 .bss.htim6     0x00000000100000e8       0x4c ./Core/Src/stm32h7xx_hal_timebase_tim.o
                0x00000000100000e8                htim6
 .bss.uwTick    0x0000000010000134        0x4 ./Drivers/STM32H7xx_HAL_Driver/stm32h7xx_hal.o
                0x0000000010000134                uwTick
 .bss.KernelState
                0x0000000010000138        0x4 ./Middlewares/Third_Party/FreeRTOS/cmsis_os2.o
 .bss.Idle_TCB.3
                0x000000001000013c       0xbc ./Middlewares/Third_Party/FreeRTOS/cmsis_os2.o
 .bss.Idle_Stack.2
                0x00000000100001f8      0x200 ./Middlewares/Third_Party/FreeRTOS/cmsis_os2.o
 .bss.Timer_TCB.1
                0x00000000100003f8       0xbc ./Middlewares/Third_Party/FreeRTOS/cmsis_os2.o
 .bss.Timer_Stack.0
                0x00000000100004b4      0x400 ./Middlewares/Third_Party/FreeRTOS/cmsis_os2.o
 .bss.ucHeap    0x00000000100008b4     0x3c00 ./Middlewares/Third_Party/FreeRTOS/heap_4.o
 .bss.xStart    0x00000000100044b4        0x8 ./Middlewares/Third_Party/FreeRTOS/heap_4.o
 .bss.pxEnd     0x00000000100044bc        0x4 ./Middlewares/Third_Party/FreeRTOS/heap_4.o
 .bss.xFreeBytesRemaining
                0x00000000100044c0        0x4 ./Middlewares/Third_Party/FreeRTOS/heap_4.o
 .bss.xMinimumEverFreeBytesRemaining
                0x00000000100044c4        0x4 ./Middlewares/Third_Party/FreeRTOS/heap_4.o
 .bss.xNumberOfSuccessfulAllocations
                0x00000000100044c8        0x4 ./Middlewares/Third_Party/FreeRTOS/heap_4.o
 .bss.xNumberOfSuccessfulFrees
                0x00000000100044cc        0x4 ./Middlewares/Third_Party/FreeRTOS/heap_4.o
 .bss.xBlockAllocatedBit
                0x00000000100044d0        0x4 ./Middlewares/Third_Party/FreeRTOS/heap_4.o
 .bss.ucMaxSysCallPriority
                0x00000000100044d4        0x1 ./Middlewares/Third_Party/FreeRTOS/port.o
 *fill*         0x00000000100044d5        0x3 
 .bss.ulMaxPRIGROUPValue
                0x00000000100044d8        0x4 ./Middlewares/Third_Party/FreeRTOS/port.o
 .bss.xQueueRegistry
                0x00000000100044dc       0x40 ./Middlewares/Third_Party/FreeRTOS/queue.o
                0x00000000100044dc                xQueueRegistry
 .bss.pxCurrentTCB
                0x000000001000451c        0x4 ./Middlewares/Third_Party/FreeRTOS/tasks.o
                0x000000001000451c                pxCurrentTCB
 .bss.pxReadyTasksLists
                0x0000000010004520      0x460 ./Middlewares/Third_Party/FreeRTOS/tasks.o
 .bss.xDelayedTaskList1
                0x0000000010004980       0x14 ./Middlewares/Third_Party/FreeRTOS/tasks.o
 .bss.xDelayedTaskList2
                0x0000000010004994       0x14 ./Middlewares/Third_Party/FreeRTOS/tasks.o
 .bss.pxDelayedTaskList
                0x00000000100049a8        0x4 ./Middlewares/Third_Party/FreeRTOS/tasks.o
 .bss.pxOverflowDelayedTaskList
                0x00000000100049ac        0x4 ./Middlewares/Third_Party/FreeRTOS/tasks.o
 .bss.xPendingReadyList
                0x00000000100049b0       0x14 ./Middlewares/Third_Party/FreeRTOS/tasks.o
 .bss.xTasksWaitingTermination
                0x00000000100049c4       0x14 ./Middlewares/Third_Party/FreeRTOS/tasks.o
 .bss.uxDeletedTasksWaitingCleanUp
                0x00000000100049d8        0x4 ./Middlewares/Third_Party/FreeRTOS/tasks.o
 .bss.xSuspendedTaskList
                0x00000000100049dc       0x14 ./Middlewares/Third_Party/FreeRTOS/tasks.o
 .bss.uxCurrentNumberOfTasks
                0x00000000100049f0        0x4 ./Middlewares/Third_Party/FreeRTOS/tasks.o
 .bss.xTickCount
                0x00000000100049f4        0x4 ./Middlewares/Third_Party/FreeRTOS/tasks.o
 .bss.uxTopReadyPriority
                0x00000000100049f8        0x4 ./Middlewares/Third_Party/FreeRTOS/tasks.o
 .bss.xSchedulerRunning
                0x00000000100049fc        0x4 ./Middlewares/Third_Party/FreeRTOS/tasks.o
 .bss.xPendedTicks
                0x0000000010004a00        0x4 ./Middlewares/Third_Party/FreeRTOS/tasks.o
 .bss.xYieldPending
                0x0000000010004a04        0x4 ./Middlewares/Third_Party/FreeRTOS/tasks.o
 .bss.xNumOfOverflows
                0x0000000010004a08        0x4 ./Middlewares/Third_Party/FreeRTOS/tasks.o
 .bss.uxTaskNumber
                0x0000000010004a0c        0x4 ./Middlewares/Third_Party/FreeRTOS/tasks.o
 .bss.xNextTaskUnblockTime
                0x0000000010004a10        0x4 ./Middlewares/Third_Party/FreeRTOS/tasks.o
 .bss.xIdleTaskHandle
                0x0000000010004a14        0x4 ./Middlewares/Third_Party/FreeRTOS/tasks.o
 .bss.uxSchedulerSuspended
                0x0000000010004a18        0x4 ./Middlewares/Third_Party/FreeRTOS/tasks.o
 .bss.xActiveTimerList1
                0x0000000010004a1c       0x14 ./Middlewares/Third_Party/FreeRTOS/timers.o
 .bss.xActiveTimerList2
                0x0000000010004a30       0x14 ./Middlewares/Third_Party/FreeRTOS/timers.o
 .bss.pxCurrentTimerList
                0x0000000010004a44        0x4 ./Middlewares/Third_Party/FreeRTOS/timers.o
 .bss.pxOverflowTimerList
                0x0000000010004a48        0x4 ./Middlewares/Third_Party/FreeRTOS/timers.o
 .bss.xTimerQueue
                0x0000000010004a4c        0x4 ./Middlewares/Third_Party/FreeRTOS/timers.o
 .bss.xTimerTaskHandle
                0x0000000010004a50        0x4 ./Middlewares/Third_Party/FreeRTOS/timers.o
 .bss.xLastTime.2
                0x0000000010004a54        0x4 ./Middlewares/Third_Party/FreeRTOS/timers.o
 .bss.ucStaticTimerQueueStorage.1
                0x0000000010004a58       0xa0 ./Middlewares/Third_Party/FreeRTOS/timers.o
 .bss.xStaticTimerQueue.0
                0x0000000010004af8       0x50 ./Middlewares/Third_Party/FreeRTOS/timers.o
 .bss.__lock___malloc_recursive_mutex
                0x0000000010004b48        0x1 c:/st/stm32cubeide_1.6.1/stm32cubeide/plugins/com.st.stm32cube.ide.mcu.externaltools.gnu-tools-for-stm32.10.3-2021.10.win32_1.0.0.202111181127/tools/bin/../lib/gcc/arm-none-eabi/10.3.1/../../../../arm-none-eabi/lib/thumb/v7e-m+fp/hard\libc_nano.a(lib_a-lock.o)
                0x0000000010004b48                __lock___malloc_recursive_mutex
 *fill*         0x0000000010004b49        0x3 
 .bss.__malloc_free_list
                0x0000000010004b4c        0x4 c:/st/stm32cubeide_1.6.1/stm32cubeide/plugins/com.st.stm32cube.ide.mcu.externaltools.gnu-tools-for-stm32.10.3-2021.10.win32_1.0.0.202111181127/tools/bin/../lib/gcc/arm-none-eabi/10.3.1/../../../../arm-none-eabi/lib/thumb/v7e-m+fp/hard\libc_nano.a(lib_a-nano-mallocr.o)
                0x0000000010004b4c                __malloc_free_list
 *(COMMON)
                0x0000000010004b50                . = ALIGN (0x4)
                0x0000000010004b50                _ebss = .
                0x0000000010004b50                __bss_end__ = _ebss

._user_heap_stack
                0x0000000010004b50      0x600 load address 0x0000000008105aac
                0x0000000010004b50                . = ALIGN (0x8)
                [!provide]                        PROVIDE (end = .)
                0x0000000010004b50                PROVIDE (_end = .)
                0x0000000010004d50                . = (. + _Min_Heap_Size)
 *fill*         0x0000000010004b50      0x200 
                0x0000000010005150                . = (. + _Min_Stack_Size)
 *fill*         0x0000000010004d50      0x400 
                0x0000000010005150                . = ALIGN (0x8)

/DISCARD/
 libc.a(*)
 libm.a(*)
 libgcc.a(*)

.ARM.attributes
                0x0000000000000000       0x30
 *(.ARM.attributes)
 .ARM.attributes
                0x0000000000000000       0x1e c:/st/stm32cubeide_1.6.1/stm32cubeide/plugins/com.st.stm32cube.ide.mcu.externaltools.gnu-tools-for-stm32.10.3-2021.10.win32_1.0.0.202111181127/tools/bin/../lib/gcc/arm-none-eabi/10.3.1/thumb/v7e-m+fp/hard/crti.o
 .ARM.attributes
                0x000000000000001e       0x34 c:/st/stm32cubeide_1.6.1/stm32cubeide/plugins/com.st.stm32cube.ide.mcu.externaltools.gnu-tools-for-stm32.10.3-2021.10.win32_1.0.0.202111181127/tools/bin/../lib/gcc/arm-none-eabi/10.3.1/thumb/v7e-m+fp/hard/crtbegin.o
 .ARM.attributes
                0x0000000000000052       0x34 ./Common/Src/system_stm32h7xx_dualcore_boot_cm4_cm7.o
 .ARM.attributes
                0x0000000000000086       0x34 ./Core/Src/main.o
 .ARM.attributes
                0x00000000000000ba       0x34 ./Core/Src/stm32h7xx_hal_msp.o
 .ARM.attributes
                0x00000000000000ee       0x34 ./Core/Src/stm32h7xx_hal_timebase_tim.o
 .ARM.attributes
                0x0000000000000122       0x34 ./Core/Src/stm32h7xx_it.o
 .ARM.attributes
                0x0000000000000156       0x21 ./Core/Startup/startup_stm32h745zitx.o
 .ARM.attributes
                0x0000000000000177       0x34 ./Drivers/STM32H7xx_HAL_Driver/stm32h7xx_hal.o
 .ARM.attributes
                0x00000000000001ab       0x34 ./Drivers/STM32H7xx_HAL_Driver/stm32h7xx_hal_cortex.o
 .ARM.attributes
                0x00000000000001df       0x34 ./Drivers/STM32H7xx_HAL_Driver/stm32h7xx_hal_gpio.o
 .ARM.attributes
                0x0000000000000213       0x34 ./Drivers/STM32H7xx_HAL_Driver/stm32h7xx_hal_i2c.o
 .ARM.attributes
                0x0000000000000247       0x34 ./Drivers/STM32H7xx_HAL_Driver/stm32h7xx_hal_i2c_ex.o
 .ARM.attributes
                0x000000000000027b       0x34 ./Drivers/STM32H7xx_HAL_Driver/stm32h7xx_hal_rcc.o
 .ARM.attributes
                0x00000000000002af       0x34 ./Drivers/STM32H7xx_HAL_Driver/stm32h7xx_hal_rcc_ex.o
 .ARM.attributes
                0x00000000000002e3       0x34 ./Drivers/STM32H7xx_HAL_Driver/stm32h7xx_hal_tim.o
 .ARM.attributes
                0x0000000000000317       0x34 ./Drivers/STM32H7xx_HAL_Driver/stm32h7xx_hal_tim_ex.o
 .ARM.attributes
                0x000000000000034b       0x34 ./Middlewares/Third_Party/FreeRTOS/cmsis_os2.o
 .ARM.attributes
                0x000000000000037f       0x34 ./Middlewares/Third_Party/FreeRTOS/heap_4.o
 .ARM.attributes
                0x00000000000003b3       0x34 ./Middlewares/Third_Party/FreeRTOS/list.o
 .ARM.attributes
                0x00000000000003e7       0x34 ./Middlewares/Third_Party/FreeRTOS/port.o
 .ARM.attributes
                0x000000000000041b       0x34 ./Middlewares/Third_Party/FreeRTOS/queue.o
 .ARM.attributes
                0x000000000000044f       0x34 ./Middlewares/Third_Party/FreeRTOS/tasks.o
 .ARM.attributes
                0x0000000000000483       0x34 ./Middlewares/Third_Party/FreeRTOS/timers.o
 .ARM.attributes
                0x00000000000004b7       0x34 c:/st/stm32cubeide_1.6.1/stm32cubeide/plugins/com.st.stm32cube.ide.mcu.externaltools.gnu-tools-for-stm32.10.3-2021.10.win32_1.0.0.202111181127/tools/bin/../lib/gcc/arm-none-eabi/10.3.1/../../../../arm-none-eabi/lib/thumb/v7e-m+fp/hard\libc_nano.a(lib_a-findfp.o)
 .ARM.attributes
                0x00000000000004eb       0x34 c:/st/stm32cubeide_1.6.1/stm32cubeide/plugins/com.st.stm32cube.ide.mcu.externaltools.gnu-tools-for-stm32.10.3-2021.10.win32_1.0.0.202111181127/tools/bin/../lib/gcc/arm-none-eabi/10.3.1/../../../../arm-none-eabi/lib/thumb/v7e-m+fp/hard\libc_nano.a(lib_a-impure.o)
 .ARM.attributes
                0x000000000000051f       0x34 c:/st/stm32cubeide_1.6.1/stm32cubeide/plugins/com.st.stm32cube.ide.mcu.externaltools.gnu-tools-for-stm32.10.3-2021.10.win32_1.0.0.202111181127/tools/bin/../lib/gcc/arm-none-eabi/10.3.1/../../../../arm-none-eabi/lib/thumb/v7e-m+fp/hard\libc_nano.a(lib_a-init.o)
 .ARM.attributes
                0x0000000000000553       0x34 c:/st/stm32cubeide_1.6.1/stm32cubeide/plugins/com.st.stm32cube.ide.mcu.externaltools.gnu-tools-for-stm32.10.3-2021.10.win32_1.0.0.202111181127/tools/bin/../lib/gcc/arm-none-eabi/10.3.1/../../../../arm-none-eabi/lib/thumb/v7e-m+fp/hard\libc_nano.a(lib_a-lock.o)
 .ARM.attributes
                0x0000000000000587       0x34 c:/st/stm32cubeide_1.6.1/stm32cubeide/plugins/com.st.stm32cube.ide.mcu.externaltools.gnu-tools-for-stm32.10.3-2021.10.win32_1.0.0.202111181127/tools/bin/../lib/gcc/arm-none-eabi/10.3.1/../../../../arm-none-eabi/lib/thumb/v7e-m+fp/hard\libc_nano.a(lib_a-memcpy-stub.o)
 .ARM.attributes
                0x00000000000005bb       0x34 c:/st/stm32cubeide_1.6.1/stm32cubeide/plugins/com.st.stm32cube.ide.mcu.externaltools.gnu-tools-for-stm32.10.3-2021.10.win32_1.0.0.202111181127/tools/bin/../lib/gcc/arm-none-eabi/10.3.1/../../../../arm-none-eabi/lib/thumb/v7e-m+fp/hard\libc_nano.a(lib_a-memset.o)
 .ARM.attributes
                0x00000000000005ef       0x34 c:/st/stm32cubeide_1.6.1/stm32cubeide/plugins/com.st.stm32cube.ide.mcu.externaltools.gnu-tools-for-stm32.10.3-2021.10.win32_1.0.0.202111181127/tools/bin/../lib/gcc/arm-none-eabi/10.3.1/../../../../arm-none-eabi/lib/thumb/v7e-m+fp/hard\libc_nano.a(lib_a-nano-mallocr.o)
 .ARM.attributes
                0x0000000000000623       0x34 c:/st/stm32cubeide_1.6.1/stm32cubeide/plugins/com.st.stm32cube.ide.mcu.externaltools.gnu-tools-for-stm32.10.3-2021.10.win32_1.0.0.202111181127/tools/bin/../lib/gcc/arm-none-eabi/10.3.1/../../../../arm-none-eabi/lib/thumb/v7e-m+fp/hard\libc_nano.a(lib_a-reent.o)
 .ARM.attributes
                0x0000000000000657       0x34 c:/st/stm32cubeide_1.6.1/stm32cubeide/plugins/com.st.stm32cube.ide.mcu.externaltools.gnu-tools-for-stm32.10.3-2021.10.win32_1.0.0.202111181127/tools/bin/../lib/gcc/arm-none-eabi/10.3.1/../../../../arm-none-eabi/lib/thumb/v7e-m+fp/hard\libc_nano.a(lib_a-mlock.o)
 .ARM.attributes
                0x000000000000068b       0x34 c:/st/stm32cubeide_1.6.1/stm32cubeide/plugins/com.st.stm32cube.ide.mcu.externaltools.gnu-tools-for-stm32.10.3-2021.10.win32_1.0.0.202111181127/tools/bin/../lib/gcc/arm-none-eabi/10.3.1/../../../../arm-none-eabi/lib/thumb/v7e-m+fp/hard\libc_nano.a(lib_a-nano-freer.o)
 .ARM.attributes
                0x00000000000006bf       0x1e c:/st/stm32cubeide_1.6.1/stm32cubeide/plugins/com.st.stm32cube.ide.mcu.externaltools.gnu-tools-for-stm32.10.3-2021.10.win32_1.0.0.202111181127/tools/bin/../lib/gcc/arm-none-eabi/10.3.1/thumb/v7e-m+fp/hard/crtn.o
OUTPUT(FreeRTOS_STM32_CM4.elf elf32-littlearm)
LOAD linker stubs
LOAD c:/st/stm32cubeide_1.6.1/stm32cubeide/plugins/com.st.stm32cube.ide.mcu.externaltools.gnu-tools-for-stm32.10.3-2021.10.win32_1.0.0.202111181127/tools/bin/../lib/gcc/arm-none-eabi/10.3.1/../../../../arm-none-eabi/lib/thumb/v7e-m+fp/hard\libc.a
LOAD c:/st/stm32cubeide_1.6.1/stm32cubeide/plugins/com.st.stm32cube.ide.mcu.externaltools.gnu-tools-for-stm32.10.3-2021.10.win32_1.0.0.202111181127/tools/bin/../lib/gcc/arm-none-eabi/10.3.1/../../../../arm-none-eabi/lib/thumb/v7e-m+fp/hard\libm.a
LOAD c:/st/stm32cubeide_1.6.1/stm32cubeide/plugins/com.st.stm32cube.ide.mcu.externaltools.gnu-tools-for-stm32.10.3-2021.10.win32_1.0.0.202111181127/tools/bin/../lib/gcc/arm-none-eabi/10.3.1/thumb/v7e-m+fp/hard\libgcc.a

.debug_info     0x0000000000000000    0x1d140
 .debug_info    0x0000000000000000      0x779 ./Common/Src/system_stm32h7xx_dualcore_boot_cm4_cm7.o
 .debug_info    0x0000000000000779     0x1509 ./Core/Src/main.o
 .debug_info    0x0000000000001c82     0x13a5 ./Core/Src/stm32h7xx_hal_msp.o
 .debug_info    0x0000000000003027     0x1117 ./Core/Src/stm32h7xx_hal_timebase_tim.o
 .debug_info    0x000000000000413e      0x826 ./Core/Src/stm32h7xx_it.o
 .debug_info    0x0000000000004964       0x22 ./Core/Startup/startup_stm32h745zitx.o
 .debug_info    0x0000000000004986     0x1865 ./Drivers/STM32H7xx_HAL_Driver/stm32h7xx_hal.o
 .debug_info    0x00000000000061eb      0xfac ./Drivers/STM32H7xx_HAL_Driver/stm32h7xx_hal_cortex.o
 .debug_info    0x0000000000007197      0xde0 ./Drivers/STM32H7xx_HAL_Driver/stm32h7xx_hal_gpio.o
 .debug_info    0x0000000000007f77     0x23b3 ./Drivers/STM32H7xx_HAL_Driver/stm32h7xx_hal_i2c.o
 .debug_info    0x000000000000a32a      0xe39 ./Drivers/STM32H7xx_HAL_Driver/stm32h7xx_hal_i2c_ex.o
 .debug_info    0x000000000000b163      0xf48 ./Drivers/STM32H7xx_HAL_Driver/stm32h7xx_hal_rcc.o
 .debug_info    0x000000000000c0ab     0x1394 ./Drivers/STM32H7xx_HAL_Driver/stm32h7xx_hal_rcc_ex.o
 .debug_info    0x000000000000d43f     0x2dd1 ./Drivers/STM32H7xx_HAL_Driver/stm32h7xx_hal_tim.o
 .debug_info    0x0000000000010210     0x18f4 ./Drivers/STM32H7xx_HAL_Driver/stm32h7xx_hal_tim_ex.o
 .debug_info    0x0000000000011b04     0x44d1 ./Middlewares/Third_Party/FreeRTOS/cmsis_os2.o
 .debug_info    0x0000000000015fd5      0x50b ./Middlewares/Third_Party/FreeRTOS/heap_4.o
 .debug_info    0x00000000000164e0      0x2d1 ./Middlewares/Third_Party/FreeRTOS/list.o
 .debug_info    0x00000000000167b1      0x507 ./Middlewares/Third_Party/FreeRTOS/port.o
 .debug_info    0x0000000000016cb8     0x1cbf ./Middlewares/Third_Party/FreeRTOS/queue.o
 .debug_info    0x0000000000018977     0x2b40 ./Middlewares/Third_Party/FreeRTOS/tasks.o
 .debug_info    0x000000000001b4b7     0x1c89 ./Middlewares/Third_Party/FreeRTOS/timers.o

.debug_abbrev   0x0000000000000000     0x34cd
 .debug_abbrev  0x0000000000000000      0x136 ./Common/Src/system_stm32h7xx_dualcore_boot_cm4_cm7.o
 .debug_abbrev  0x0000000000000136      0x2ec ./Core/Src/main.o
 .debug_abbrev  0x0000000000000422      0x207 ./Core/Src/stm32h7xx_hal_msp.o
 .debug_abbrev  0x0000000000000629      0x206 ./Core/Src/stm32h7xx_hal_timebase_tim.o
 .debug_abbrev  0x000000000000082f      0x171 ./Core/Src/stm32h7xx_it.o
 .debug_abbrev  0x00000000000009a0       0x12 ./Core/Startup/startup_stm32h745zitx.o
 .debug_abbrev  0x00000000000009b2      0x292 ./Drivers/STM32H7xx_HAL_Driver/stm32h7xx_hal.o
 .debug_abbrev  0x0000000000000c44      0x329 ./Drivers/STM32H7xx_HAL_Driver/stm32h7xx_hal_cortex.o
 .debug_abbrev  0x0000000000000f6d      0x1ec ./Drivers/STM32H7xx_HAL_Driver/stm32h7xx_hal_gpio.o
 .debug_abbrev  0x0000000000001159      0x243 ./Drivers/STM32H7xx_HAL_Driver/stm32h7xx_hal_i2c.o
 .debug_abbrev  0x000000000000139c      0x1e1 ./Drivers/STM32H7xx_HAL_Driver/stm32h7xx_hal_i2c_ex.o
 .debug_abbrev  0x000000000000157d      0x2b8 ./Drivers/STM32H7xx_HAL_Driver/stm32h7xx_hal_rcc.o
 .debug_abbrev  0x0000000000001835      0x25c ./Drivers/STM32H7xx_HAL_Driver/stm32h7xx_hal_rcc_ex.o
 .debug_abbrev  0x0000000000001a91      0x25d ./Drivers/STM32H7xx_HAL_Driver/stm32h7xx_hal_tim.o
 .debug_abbrev  0x0000000000001cee      0x265 ./Drivers/STM32H7xx_HAL_Driver/stm32h7xx_hal_tim_ex.o
 .debug_abbrev  0x0000000000001f53      0x529 ./Middlewares/Third_Party/FreeRTOS/cmsis_os2.o
 .debug_abbrev  0x000000000000247c      0x212 ./Middlewares/Third_Party/FreeRTOS/heap_4.o
 .debug_abbrev  0x000000000000268e       0xf2 ./Middlewares/Third_Party/FreeRTOS/list.o
 .debug_abbrev  0x0000000000002780      0x259 ./Middlewares/Third_Party/FreeRTOS/port.o
 .debug_abbrev  0x00000000000029d9      0x3a1 ./Middlewares/Third_Party/FreeRTOS/queue.o
 .debug_abbrev  0x0000000000002d7a      0x3f3 ./Middlewares/Third_Party/FreeRTOS/tasks.o
 .debug_abbrev  0x000000000000316d      0x360 ./Middlewares/Third_Party/FreeRTOS/timers.o

.debug_aranges  0x0000000000000000     0x16a8
 .debug_aranges
                0x0000000000000000       0x28 ./Common/Src/system_stm32h7xx_dualcore_boot_cm4_cm7.o
 .debug_aranges
                0x0000000000000028       0x50 ./Core/Src/main.o
 .debug_aranges
                0x0000000000000078       0x30 ./Core/Src/stm32h7xx_hal_msp.o
 .debug_aranges
                0x00000000000000a8       0x30 ./Core/Src/stm32h7xx_hal_timebase_tim.o
 .debug_aranges
                0x00000000000000d8       0x50 ./Core/Src/stm32h7xx_it.o
 .debug_aranges
                0x0000000000000128       0x28 ./Core/Startup/startup_stm32h745zitx.o
 .debug_aranges
                0x0000000000000150      0x200 ./Drivers/STM32H7xx_HAL_Driver/stm32h7xx_hal.o
 .debug_aranges
                0x0000000000000350      0x120 ./Drivers/STM32H7xx_HAL_Driver/stm32h7xx_hal_cortex.o
 .debug_aranges
                0x0000000000000470       0x58 ./Drivers/STM32H7xx_HAL_Driver/stm32h7xx_hal_gpio.o
 .debug_aranges
                0x00000000000004c8      0x290 ./Drivers/STM32H7xx_HAL_Driver/stm32h7xx_hal_i2c.o
 .debug_aranges
                0x0000000000000758       0x48 ./Drivers/STM32H7xx_HAL_Driver/stm32h7xx_hal_i2c_ex.o
 .debug_aranges
                0x00000000000007a0       0x88 ./Drivers/STM32H7xx_HAL_Driver/stm32h7xx_hal_rcc.o
 .debug_aranges
                0x0000000000000828      0x100 ./Drivers/STM32H7xx_HAL_Driver/stm32h7xx_hal_rcc_ex.o
 .debug_aranges
                0x0000000000000928      0x3e0 ./Drivers/STM32H7xx_HAL_Driver/stm32h7xx_hal_tim.o
 .debug_aranges
                0x0000000000000d08      0x188 ./Drivers/STM32H7xx_HAL_Driver/stm32h7xx_hal_tim_ex.o
 .debug_aranges
                0x0000000000000e90      0x2b0 ./Middlewares/Third_Party/FreeRTOS/cmsis_os2.o
 .debug_aranges
                0x0000000000001140       0x58 ./Middlewares/Third_Party/FreeRTOS/heap_4.o
 .debug_aranges
                0x0000000000001198       0x40 ./Middlewares/Third_Party/FreeRTOS/list.o
 .debug_aranges
                0x00000000000011d8       0x80 ./Middlewares/Third_Party/FreeRTOS/port.o
 .debug_aranges
                0x0000000000001258      0x158 ./Middlewares/Third_Party/FreeRTOS/queue.o
 .debug_aranges
                0x00000000000013b0      0x208 ./Middlewares/Third_Party/FreeRTOS/tasks.o
 .debug_aranges
                0x00000000000015b8       0xf0 ./Middlewares/Third_Party/FreeRTOS/timers.o

.debug_ranges   0x0000000000000000     0x1550
 .debug_ranges  0x0000000000000000       0x18 ./Common/Src/system_stm32h7xx_dualcore_boot_cm4_cm7.o
 .debug_ranges  0x0000000000000018       0x40 ./Core/Src/main.o
 .debug_ranges  0x0000000000000058       0x20 ./Core/Src/stm32h7xx_hal_msp.o
 .debug_ranges  0x0000000000000078       0x20 ./Core/Src/stm32h7xx_hal_timebase_tim.o
 .debug_ranges  0x0000000000000098       0x40 ./Core/Src/stm32h7xx_it.o
 .debug_ranges  0x00000000000000d8       0x20 ./Core/Startup/startup_stm32h745zitx.o
 .debug_ranges  0x00000000000000f8      0x1f0 ./Drivers/STM32H7xx_HAL_Driver/stm32h7xx_hal.o
 .debug_ranges  0x00000000000002e8      0x110 ./Drivers/STM32H7xx_HAL_Driver/stm32h7xx_hal_cortex.o
 .debug_ranges  0x00000000000003f8       0x48 ./Drivers/STM32H7xx_HAL_Driver/stm32h7xx_hal_gpio.o
 .debug_ranges  0x0000000000000440      0x280 ./Drivers/STM32H7xx_HAL_Driver/stm32h7xx_hal_i2c.o
 .debug_ranges  0x00000000000006c0       0x38 ./Drivers/STM32H7xx_HAL_Driver/stm32h7xx_hal_i2c_ex.o
 .debug_ranges  0x00000000000006f8       0x78 ./Drivers/STM32H7xx_HAL_Driver/stm32h7xx_hal_rcc.o
 .debug_ranges  0x0000000000000770       0xf0 ./Drivers/STM32H7xx_HAL_Driver/stm32h7xx_hal_rcc_ex.o
 .debug_ranges  0x0000000000000860      0x3d0 ./Drivers/STM32H7xx_HAL_Driver/stm32h7xx_hal_tim.o
 .debug_ranges  0x0000000000000c30      0x178 ./Drivers/STM32H7xx_HAL_Driver/stm32h7xx_hal_tim_ex.o
 .debug_ranges  0x0000000000000da8      0x2a0 ./Middlewares/Third_Party/FreeRTOS/cmsis_os2.o
 .debug_ranges  0x0000000000001048       0x48 ./Middlewares/Third_Party/FreeRTOS/heap_4.o
 .debug_ranges  0x0000000000001090       0x30 ./Middlewares/Third_Party/FreeRTOS/list.o
 .debug_ranges  0x00000000000010c0       0x70 ./Middlewares/Third_Party/FreeRTOS/port.o
 .debug_ranges  0x0000000000001130      0x148 ./Middlewares/Third_Party/FreeRTOS/queue.o
 .debug_ranges  0x0000000000001278      0x1f8 ./Middlewares/Third_Party/FreeRTOS/tasks.o
 .debug_ranges  0x0000000000001470       0xe0 ./Middlewares/Third_Party/FreeRTOS/timers.o

.debug_macro    0x0000000000000000    0x3a312
 .debug_macro   0x0000000000000000      0x296 ./Common/Src/system_stm32h7xx_dualcore_boot_cm4_cm7.o
 .debug_macro   0x0000000000000296      0xa7e ./Common/Src/system_stm32h7xx_dualcore_boot_cm4_cm7.o
 .debug_macro   0x0000000000000d14       0x2e ./Common/Src/system_stm32h7xx_dualcore_boot_cm4_cm7.o
 .debug_macro   0x0000000000000d42       0x3b ./Common/Src/system_stm32h7xx_dualcore_boot_cm4_cm7.o
 .debug_macro   0x0000000000000d7d       0x22 ./Common/Src/system_stm32h7xx_dualcore_boot_cm4_cm7.o
 .debug_macro   0x0000000000000d9f       0x8e ./Common/Src/system_stm32h7xx_dualcore_boot_cm4_cm7.o
 .debug_macro   0x0000000000000e2d       0x51 ./Common/Src/system_stm32h7xx_dualcore_boot_cm4_cm7.o
 .debug_macro   0x0000000000000e7e      0x103 ./Common/Src/system_stm32h7xx_dualcore_boot_cm4_cm7.o
 .debug_macro   0x0000000000000f81       0x6a ./Common/Src/system_stm32h7xx_dualcore_boot_cm4_cm7.o
 .debug_macro   0x0000000000000feb      0x1df ./Common/Src/system_stm32h7xx_dualcore_boot_cm4_cm7.o
 .debug_macro   0x00000000000011ca       0x1c ./Common/Src/system_stm32h7xx_dualcore_boot_cm4_cm7.o
 .debug_macro   0x00000000000011e6       0x22 ./Common/Src/system_stm32h7xx_dualcore_boot_cm4_cm7.o
 .debug_macro   0x0000000000001208       0xfb ./Common/Src/system_stm32h7xx_dualcore_boot_cm4_cm7.o
 .debug_macro   0x0000000000001303     0x1011 ./Common/Src/system_stm32h7xx_dualcore_boot_cm4_cm7.o
 .debug_macro   0x0000000000002314      0x11f ./Common/Src/system_stm32h7xx_dualcore_boot_cm4_cm7.o
 .debug_macro   0x0000000000002433    0x26d3b ./Common/Src/system_stm32h7xx_dualcore_boot_cm4_cm7.o
 .debug_macro   0x000000000002916e       0x6d ./Common/Src/system_stm32h7xx_dualcore_boot_cm4_cm7.o
 .debug_macro   0x00000000000291db      0x232 ./Common/Src/system_stm32h7xx_dualcore_boot_cm4_cm7.o
 .debug_macro   0x000000000002940d     0x3d22 ./Common/Src/system_stm32h7xx_dualcore_boot_cm4_cm7.o
 .debug_macro   0x000000000002d12f      0x174 ./Common/Src/system_stm32h7xx_dualcore_boot_cm4_cm7.o
 .debug_macro   0x000000000002d2a3       0x52 ./Common/Src/system_stm32h7xx_dualcore_boot_cm4_cm7.o
 .debug_macro   0x000000000002d2f5       0x1e ./Common/Src/system_stm32h7xx_dualcore_boot_cm4_cm7.o
 .debug_macro   0x000000000002d313       0x3c ./Common/Src/system_stm32h7xx_dualcore_boot_cm4_cm7.o
 .debug_macro   0x000000000002d34f       0x34 ./Common/Src/system_stm32h7xx_dualcore_boot_cm4_cm7.o
 .debug_macro   0x000000000002d383       0x16 ./Common/Src/system_stm32h7xx_dualcore_boot_cm4_cm7.o
 .debug_macro   0x000000000002d399       0x43 ./Common/Src/system_stm32h7xx_dualcore_boot_cm4_cm7.o
 .debug_macro   0x000000000002d3dc       0x34 ./Common/Src/system_stm32h7xx_dualcore_boot_cm4_cm7.o
 .debug_macro   0x000000000002d410       0x10 ./Common/Src/system_stm32h7xx_dualcore_boot_cm4_cm7.o
 .debug_macro   0x000000000002d420       0x58 ./Common/Src/system_stm32h7xx_dualcore_boot_cm4_cm7.o
 .debug_macro   0x000000000002d478       0x71 ./Common/Src/system_stm32h7xx_dualcore_boot_cm4_cm7.o
 .debug_macro   0x000000000002d4e9       0x1c ./Common/Src/system_stm32h7xx_dualcore_boot_cm4_cm7.o
 .debug_macro   0x000000000002d505      0x12a ./Common/Src/system_stm32h7xx_dualcore_boot_cm4_cm7.o
 .debug_macro   0x000000000002d62f      0x341 ./Common/Src/system_stm32h7xx_dualcore_boot_cm4_cm7.o
 .debug_macro   0x000000000002d970      0x19b ./Common/Src/system_stm32h7xx_dualcore_boot_cm4_cm7.o
 .debug_macro   0x000000000002db0b       0x5d ./Common/Src/system_stm32h7xx_dualcore_boot_cm4_cm7.o
 .debug_macro   0x000000000002db68     0x3a9d ./Common/Src/system_stm32h7xx_dualcore_boot_cm4_cm7.o
 .debug_macro   0x0000000000031605     0x1048 ./Common/Src/system_stm32h7xx_dualcore_boot_cm4_cm7.o
 .debug_macro   0x000000000003264d      0x14d ./Common/Src/system_stm32h7xx_dualcore_boot_cm4_cm7.o
 .debug_macro   0x000000000003279a      0x130 ./Common/Src/system_stm32h7xx_dualcore_boot_cm4_cm7.o
 .debug_macro   0x00000000000328ca      0x3be ./Common/Src/system_stm32h7xx_dualcore_boot_cm4_cm7.o
 .debug_macro   0x0000000000032c88       0xac ./Common/Src/system_stm32h7xx_dualcore_boot_cm4_cm7.o
 .debug_macro   0x0000000000032d34      0x72d ./Common/Src/system_stm32h7xx_dualcore_boot_cm4_cm7.o
 .debug_macro   0x0000000000033461      0x228 ./Common/Src/system_stm32h7xx_dualcore_boot_cm4_cm7.o
 .debug_macro   0x0000000000033689       0x66 ./Common/Src/system_stm32h7xx_dualcore_boot_cm4_cm7.o
 .debug_macro   0x00000000000336ef      0x3bb ./Common/Src/system_stm32h7xx_dualcore_boot_cm4_cm7.o
 .debug_macro   0x0000000000033aaa      0x407 ./Common/Src/system_stm32h7xx_dualcore_boot_cm4_cm7.o
 .debug_macro   0x0000000000033eb1      0x244 ./Common/Src/system_stm32h7xx_dualcore_boot_cm4_cm7.o
 .debug_macro   0x00000000000340f5      0x3ca ./Common/Src/system_stm32h7xx_dualcore_boot_cm4_cm7.o
 .debug_macro   0x00000000000344bf      0x4a2 ./Common/Src/system_stm32h7xx_dualcore_boot_cm4_cm7.o
 .debug_macro   0x0000000000034961       0x51 ./Common/Src/system_stm32h7xx_dualcore_boot_cm4_cm7.o
 .debug_macro   0x00000000000349b2       0x4a ./Common/Src/system_stm32h7xx_dualcore_boot_cm4_cm7.o
 .debug_macro   0x00000000000349fc      0x22c ./Common/Src/system_stm32h7xx_dualcore_boot_cm4_cm7.o
 .debug_macro   0x0000000000034c28       0x67 ./Common/Src/system_stm32h7xx_dualcore_boot_cm4_cm7.o
 .debug_macro   0x0000000000034c8f       0xa5 ./Common/Src/system_stm32h7xx_dualcore_boot_cm4_cm7.o
 .debug_macro   0x0000000000034d34      0x218 ./Common/Src/system_stm32h7xx_dualcore_boot_cm4_cm7.o
 .debug_macro   0x0000000000034f4c      0x2ea ./Common/Src/system_stm32h7xx_dualcore_boot_cm4_cm7.o
 .debug_macro   0x0000000000035236       0x35 ./Common/Src/system_stm32h7xx_dualcore_boot_cm4_cm7.o
 .debug_macro   0x000000000003526b      0xaec ./Common/Src/system_stm32h7xx_dualcore_boot_cm4_cm7.o
 .debug_macro   0x0000000000035d57      0x29f ./Common/Src/system_stm32h7xx_dualcore_boot_cm4_cm7.o
 .debug_macro   0x0000000000035ff6      0x798 ./Common/Src/system_stm32h7xx_dualcore_boot_cm4_cm7.o
 .debug_macro   0x000000000003678e      0x348 ./Core/Src/main.o
 .debug_macro   0x0000000000036ad6      0x16f ./Core/Src/main.o
 .debug_macro   0x0000000000036c45       0x16 ./Core/Src/main.o
 .debug_macro   0x0000000000036c5b       0x66 ./Core/Src/main.o
 .debug_macro   0x0000000000036cc1       0x74 ./Core/Src/main.o
 .debug_macro   0x0000000000036d35       0xdd ./Core/Src/main.o
 .debug_macro   0x0000000000036e12      0x2a0 ./Core/Src/stm32h7xx_hal_msp.o
 .debug_macro   0x00000000000370b2      0x296 ./Core/Src/stm32h7xx_hal_timebase_tim.o
 .debug_macro   0x0000000000037348      0x2aa ./Core/Src/stm32h7xx_it.o
 .debug_macro   0x00000000000375f2      0x2c0 ./Drivers/STM32H7xx_HAL_Driver/stm32h7xx_hal.o
 .debug_macro   0x00000000000378b2      0x296 ./Drivers/STM32H7xx_HAL_Driver/stm32h7xx_hal_cortex.o
 .debug_macro   0x0000000000037b48      0x2aa ./Drivers/STM32H7xx_HAL_Driver/stm32h7xx_hal_gpio.o
 .debug_macro   0x0000000000037df2      0x362 ./Drivers/STM32H7xx_HAL_Driver/stm32h7xx_hal_i2c.o
 .debug_macro   0x0000000000038154      0x296 ./Drivers/STM32H7xx_HAL_Driver/stm32h7xx_hal_i2c_ex.o
 .debug_macro   0x00000000000383ea      0x2ba ./Drivers/STM32H7xx_HAL_Driver/stm32h7xx_hal_rcc.o
 .debug_macro   0x00000000000386a4      0x2b4 ./Drivers/STM32H7xx_HAL_Driver/stm32h7xx_hal_rcc_ex.o
 .debug_macro   0x0000000000038958      0x297 ./Drivers/STM32H7xx_HAL_Driver/stm32h7xx_hal_tim.o
 .debug_macro   0x0000000000038bef      0x296 ./Drivers/STM32H7xx_HAL_Driver/stm32h7xx_hal_tim_ex.o
 .debug_macro   0x0000000000038e85      0x407 ./Middlewares/Third_Party/FreeRTOS/cmsis_os2.o
 .debug_macro   0x000000000003928c       0x10 ./Middlewares/Third_Party/FreeRTOS/cmsis_os2.o
 .debug_macro   0x000000000003929c       0x20 ./Middlewares/Third_Party/FreeRTOS/cmsis_os2.o
 .debug_macro   0x00000000000392bc       0x10 ./Middlewares/Third_Party/FreeRTOS/cmsis_os2.o
 .debug_macro   0x00000000000392cc       0xf5 ./Middlewares/Third_Party/FreeRTOS/cmsis_os2.o
 .debug_macro   0x00000000000393c1       0x91 ./Middlewares/Third_Party/FreeRTOS/cmsis_os2.o
 .debug_macro   0x0000000000039452       0x8d ./Middlewares/Third_Party/FreeRTOS/cmsis_os2.o
 .debug_macro   0x00000000000394df       0x9a ./Middlewares/Third_Party/FreeRTOS/cmsis_os2.o
 .debug_macro   0x0000000000039579       0x22 ./Middlewares/Third_Party/FreeRTOS/cmsis_os2.o
 .debug_macro   0x000000000003959b      0x1c0 ./Middlewares/Third_Party/FreeRTOS/heap_4.o
 .debug_macro   0x000000000003975b      0x199 ./Middlewares/Third_Party/FreeRTOS/list.o
 .debug_macro   0x00000000000398f4      0x233 ./Middlewares/Third_Party/FreeRTOS/port.o
 .debug_macro   0x0000000000039b27      0x228 ./Middlewares/Third_Party/FreeRTOS/queue.o
 .debug_macro   0x0000000000039d4f       0x16 ./Middlewares/Third_Party/FreeRTOS/queue.o
 .debug_macro   0x0000000000039d65       0x87 ./Middlewares/Third_Party/FreeRTOS/queue.o
 .debug_macro   0x0000000000039dec      0x291 ./Middlewares/Third_Party/FreeRTOS/tasks.o
 .debug_macro   0x000000000003a07d       0x10 ./Middlewares/Third_Party/FreeRTOS/tasks.o
 .debug_macro   0x000000000003a08d      0x1ee ./Middlewares/Third_Party/FreeRTOS/timers.o
 .debug_macro   0x000000000003a27b       0x97 ./Middlewares/Third_Party/FreeRTOS/timers.o

.debug_line     0x0000000000000000    0x1a775
 .debug_line    0x0000000000000000      0x9a4 ./Common/Src/system_stm32h7xx_dualcore_boot_cm4_cm7.o
 .debug_line    0x00000000000009a4      0xace ./Core/Src/main.o
 .debug_line    0x0000000000001472      0x87f ./Core/Src/stm32h7xx_hal_msp.o
 .debug_line    0x0000000000001cf1      0x893 ./Core/Src/stm32h7xx_hal_timebase_tim.o
 .debug_line    0x0000000000002584      0x8bc ./Core/Src/stm32h7xx_it.o
 .debug_line    0x0000000000002e40       0x88 ./Core/Startup/startup_stm32h745zitx.o
 .debug_line    0x0000000000002ec8      0xf65 ./Drivers/STM32H7xx_HAL_Driver/stm32h7xx_hal.o
 .debug_line    0x0000000000003e2d      0xe15 ./Drivers/STM32H7xx_HAL_Driver/stm32h7xx_hal_cortex.o
 .debug_line    0x0000000000004c42      0xcc8 ./Drivers/STM32H7xx_HAL_Driver/stm32h7xx_hal_gpio.o
 .debug_line    0x000000000000590a     0x381b ./Drivers/STM32H7xx_HAL_Driver/stm32h7xx_hal_i2c.o
 .debug_line    0x0000000000009125      0xa73 ./Drivers/STM32H7xx_HAL_Driver/stm32h7xx_hal_i2c_ex.o
 .debug_line    0x0000000000009b98     0x1371 ./Drivers/STM32H7xx_HAL_Driver/stm32h7xx_hal_rcc.o
 .debug_line    0x000000000000af09     0x1b43 ./Drivers/STM32H7xx_HAL_Driver/stm32h7xx_hal_rcc_ex.o
 .debug_line    0x000000000000ca4c     0x3ecd ./Drivers/STM32H7xx_HAL_Driver/stm32h7xx_hal_tim.o
 .debug_line    0x0000000000010919     0x1da9 ./Drivers/STM32H7xx_HAL_Driver/stm32h7xx_hal_tim_ex.o
 .debug_line    0x00000000000126c2     0x2435 ./Middlewares/Third_Party/FreeRTOS/cmsis_os2.o
 .debug_line    0x0000000000014af7      0x969 ./Middlewares/Third_Party/FreeRTOS/heap_4.o
 .debug_line    0x0000000000015460      0x73f ./Middlewares/Third_Party/FreeRTOS/list.o
 .debug_line    0x0000000000015b9f      0x947 ./Middlewares/Third_Party/FreeRTOS/port.o
 .debug_line    0x00000000000164e6     0x1709 ./Middlewares/Third_Party/FreeRTOS/queue.o
 .debug_line    0x0000000000017bef     0x1de7 ./Middlewares/Third_Party/FreeRTOS/tasks.o
 .debug_line    0x00000000000199d6      0xd9f ./Middlewares/Third_Party/FreeRTOS/timers.o

.debug_str      0x0000000000000000   0x1863c7
 .debug_str     0x0000000000000000   0x175ddf ./Common/Src/system_stm32h7xx_dualcore_boot_cm4_cm7.o
                                     0x176238 (size before relaxing)
 .debug_str     0x0000000000175ddf     0x585d ./Core/Src/main.o
                                     0x17ba9e (size before relaxing)
 .debug_str     0x000000000017b63c      0xb8b ./Core/Src/stm32h7xx_hal_msp.o
                                     0x177397 (size before relaxing)
 .debug_str     0x000000000017c1c7      0x19c ./Core/Src/stm32h7xx_hal_timebase_tim.o
                                     0x177147 (size before relaxing)
 .debug_str     0x000000000017c363       0xb9 ./Core/Src/stm32h7xx_it.o
                                     0x17659e (size before relaxing)
 .debug_str     0x000000000017c41c       0x36 ./Core/Startup/startup_stm32h745zitx.o
                                         0x79 (size before relaxing)
 .debug_str     0x000000000017c452      0xa7b ./Drivers/STM32H7xx_HAL_Driver/stm32h7xx_hal.o
                                     0x17759f (size before relaxing)
 .debug_str     0x000000000017cecd      0x372 ./Drivers/STM32H7xx_HAL_Driver/stm32h7xx_hal_cortex.o
                                     0x176ced (size before relaxing)
 .debug_str     0x000000000017d23f      0x144 ./Drivers/STM32H7xx_HAL_Driver/stm32h7xx_hal_gpio.o
                                     0x17648d (size before relaxing)
 .debug_str     0x000000000017d383      0xe4f ./Drivers/STM32H7xx_HAL_Driver/stm32h7xx_hal_i2c.o
                                     0x17747c (size before relaxing)
 .debug_str     0x000000000017e1d2       0xee ./Drivers/STM32H7xx_HAL_Driver/stm32h7xx_hal_i2c_ex.o
                                     0x176870 (size before relaxing)
 .debug_str     0x000000000017e2c0      0x4bd ./Drivers/STM32H7xx_HAL_Driver/stm32h7xx_hal_rcc.o
                                     0x17680e (size before relaxing)
 .debug_str     0x000000000017e77d      0x693 ./Drivers/STM32H7xx_HAL_Driver/stm32h7xx_hal_rcc_ex.o
                                     0x176d1a (size before relaxing)
 .debug_str     0x000000000017ee10      0xeb4 ./Drivers/STM32H7xx_HAL_Driver/stm32h7xx_hal_tim.o
                                     0x17758a (size before relaxing)
 .debug_str     0x000000000017fcc4      0x64b ./Drivers/STM32H7xx_HAL_Driver/stm32h7xx_hal_tim_ex.o
                                     0x176ec2 (size before relaxing)
 .debug_str     0x000000000018030f     0x33be ./Middlewares/Third_Party/FreeRTOS/cmsis_os2.o
                                     0x17e2ea (size before relaxing)
 .debug_str     0x00000000001836cd      0x4ab ./Middlewares/Third_Party/FreeRTOS/heap_4.o
                                       0xb00b (size before relaxing)
 .debug_str     0x0000000000183b78      0x158 ./Middlewares/Third_Party/FreeRTOS/list.o
                                       0xa6c9 (size before relaxing)
 .debug_str     0x0000000000183cd0      0x854 ./Middlewares/Third_Party/FreeRTOS/port.o
                                       0x9fe5 (size before relaxing)
 .debug_str     0x0000000000184524      0x84e ./Middlewares/Third_Party/FreeRTOS/queue.o
                                       0xc209 (size before relaxing)
 .debug_str     0x0000000000184d72     0x1079 ./Middlewares/Third_Party/FreeRTOS/tasks.o
                                       0xd08c (size before relaxing)
 .debug_str     0x0000000000185deb      0x5dc ./Middlewares/Third_Party/FreeRTOS/timers.o
                                       0xca99 (size before relaxing)

.comment        0x0000000000000000       0x50
 .comment       0x0000000000000000       0x50 ./Common/Src/system_stm32h7xx_dualcore_boot_cm4_cm7.o
                                         0x51 (size before relaxing)
 .comment       0x0000000000000050       0x51 ./Core/Src/main.o
 .comment       0x0000000000000050       0x51 ./Core/Src/stm32h7xx_hal_msp.o
 .comment       0x0000000000000050       0x51 ./Core/Src/stm32h7xx_hal_timebase_tim.o
 .comment       0x0000000000000050       0x51 ./Core/Src/stm32h7xx_it.o
 .comment       0x0000000000000050       0x51 ./Drivers/STM32H7xx_HAL_Driver/stm32h7xx_hal.o
 .comment       0x0000000000000050       0x51 ./Drivers/STM32H7xx_HAL_Driver/stm32h7xx_hal_cortex.o
 .comment       0x0000000000000050       0x51 ./Drivers/STM32H7xx_HAL_Driver/stm32h7xx_hal_gpio.o
 .comment       0x0000000000000050       0x51 ./Drivers/STM32H7xx_HAL_Driver/stm32h7xx_hal_i2c.o
 .comment       0x0000000000000050       0x51 ./Drivers/STM32H7xx_HAL_Driver/stm32h7xx_hal_i2c_ex.o
 .comment       0x0000000000000050       0x51 ./Drivers/STM32H7xx_HAL_Driver/stm32h7xx_hal_rcc.o
 .comment       0x0000000000000050       0x51 ./Drivers/STM32H7xx_HAL_Driver/stm32h7xx_hal_rcc_ex.o
 .comment       0x0000000000000050       0x51 ./Drivers/STM32H7xx_HAL_Driver/stm32h7xx_hal_tim.o
 .comment       0x0000000000000050       0x51 ./Drivers/STM32H7xx_HAL_Driver/stm32h7xx_hal_tim_ex.o
 .comment       0x0000000000000050       0x51 ./Middlewares/Third_Party/FreeRTOS/cmsis_os2.o
 .comment       0x0000000000000050       0x51 ./Middlewares/Third_Party/FreeRTOS/heap_4.o
 .comment       0x0000000000000050       0x51 ./Middlewares/Third_Party/FreeRTOS/list.o
 .comment       0x0000000000000050       0x51 ./Middlewares/Third_Party/FreeRTOS/port.o
 .comment       0x0000000000000050       0x51 ./Middlewares/Third_Party/FreeRTOS/queue.o
 .comment       0x0000000000000050       0x51 ./Middlewares/Third_Party/FreeRTOS/tasks.o
 .comment       0x0000000000000050       0x51 ./Middlewares/Third_Party/FreeRTOS/timers.o

.debug_frame    0x0000000000000000     0x6328
 .debug_frame   0x0000000000000000       0x58 ./Common/Src/system_stm32h7xx_dualcore_boot_cm4_cm7.o
 .debug_frame   0x0000000000000058       0xe8 ./Core/Src/main.o
 .debug_frame   0x0000000000000140       0x80 ./Core/Src/stm32h7xx_hal_msp.o
 .debug_frame   0x00000000000001c0       0x74 ./Core/Src/stm32h7xx_hal_timebase_tim.o
 .debug_frame   0x0000000000000234       0xc4 ./Core/Src/stm32h7xx_it.o
 .debug_frame   0x00000000000002f8      0x848 ./Drivers/STM32H7xx_HAL_Driver/stm32h7xx_hal.o
 .debug_frame   0x0000000000000b40      0x4b8 ./Drivers/STM32H7xx_HAL_Driver/stm32h7xx_hal_cortex.o
 .debug_frame   0x0000000000000ff8      0x14c ./Drivers/STM32H7xx_HAL_Driver/stm32h7xx_hal_gpio.o
 .debug_frame   0x0000000000001144      0xbf0 ./Drivers/STM32H7xx_HAL_Driver/stm32h7xx_hal_i2c.o
 .debug_frame   0x0000000000001d34      0x100 ./Drivers/STM32H7xx_HAL_Driver/stm32h7xx_hal_i2c_ex.o
 .debug_frame   0x0000000000001e34      0x1f8 ./Drivers/STM32H7xx_HAL_Driver/stm32h7xx_hal_rcc.o
 .debug_frame   0x000000000000202c      0x41c ./Drivers/STM32H7xx_HAL_Driver/stm32h7xx_hal_rcc_ex.o
 .debug_frame   0x0000000000002448     0x121c ./Drivers/STM32H7xx_HAL_Driver/stm32h7xx_hal_tim.o
 .debug_frame   0x0000000000003664      0x6d8 ./Drivers/STM32H7xx_HAL_Driver/stm32h7xx_hal_tim_ex.o
 .debug_frame   0x0000000000003d3c      0xbe4 ./Middlewares/Third_Party/FreeRTOS/cmsis_os2.o
 .debug_frame   0x0000000000004920      0x12c ./Middlewares/Third_Party/FreeRTOS/heap_4.o